10:18:15 **** Build of configuration Debug for project 02_systick_blinky ****
make -r -j4 all 
Building target: 02_systick_blinky.axf
Invoking: MCU Linker
arm-none-eabi-gcc -nostdlib -Xlinker -Map="02_systick_blinky.map" -Xlinker --gc-sections -Xlinker -print-memory-usage -Xlinker --sort-section=alignment -Xlinker --cref -mcpu=cortex-m0plus -mthumb -T 02_systick_blinky_Debug.ld -o "02_systick_blinky.axf" ./utilities/fsl_assert.o ./utilities/fsl_debug_console.o ./utilities/fsl_str.o  ./startup/startup_lpc845.o  ./source/02_systick_blinky.o ./source/mtb.o ./source/semihost_hardfault.o  ./drivers/fsl_adc.o ./drivers/fsl_clock.o ./drivers/fsl_common.o ./drivers/fsl_common_arm.o ./drivers/fsl_gpio.o ./drivers/fsl_power.o ./drivers/fsl_reset.o ./drivers/fsl_swm.o ./drivers/fsl_usart.o  ./device/system_LPC845.o  ./component/uart/fsl_adapter_miniusart.o  ./board/board.o ./board/clock_config.o ./board/peripherals.o ./board/pin_mux.o   
Memory region         Used Size  Region Size  %age Used
   PROGRAM_FLASH:        6204 B        64 KB      9.47%
            SRAM:        2396 B      16352 B     14.65%
        IAP_SRAM:          0 GB         32 B      0.00%
Finished building target: 02_systick_blinky.axf
 
Performing post-build steps
arm-none-eabi-size "02_systick_blinky.axf"; # arm-none-eabi-objcopy -v -O binary "02_systick_blinky.axf" "02_systick_blinky.bin" ; # checksum -p LPC845 -d "02_systick_blinky.bin";
   text	   data	    bss	    dec	    hex	filename
   6200	      4	   2392	   8596	   2194	02_systick_blinky.axf
 

10:18:17 Build Finished. 0 errors, 0 warnings. (took 2s.605ms)

