10:53:46 **** Incremental Build of configuration Debug for project 03_light_control ****
make -r -j4 all 
Building file: ../utilities/fsl_debug_console.c
Building file: ../utilities/fsl_assert.c
Building file: ../utilities/fsl_str.c
Building file: ../startup/startup_lpc845.c
Invoking: MCU C Compiler
Invoking: MCU C Compiler
arm-none-eabi-gcc -DCPU_LPC845M301JBD48 -DCPU_LPC845M301JBD48_cm0plus -DSDK_OS_BAREMETAL -DSDK_DEBUGCONSOLE=1 -DCR_INTEGER_PRINTF -DPRINTF_FLOAT_ENABLE=0 -D__MCUXPRESSO -D__USE_CMSIS -DDEBUG -D__REDLIB__ -DTIMER_PORT_TYPE_CTIMER=1 -I"C:\Users\facum\Documents\curso lse\curso-lse\workspace_lpc845\03_light_control\component\uart" -I"C:\Users\facum\Documents\curso lse\curso-lse\workspace_lpc845\03_light_control\drivers" -I"C:\Users\facum\Documents\curso lse\curso-lse\workspace_lpc845\03_light_control\CMSIS" -I"C:\Users\facum\Documents\curso lse\curso-lse\workspace_lpc845\03_light_control\device" -I"C:\Users\facum\Documents\curso lse\curso-lse\workspace_lpc845\03_light_control\utilities" -I"C:\Users\facum\Documents\curso lse\curso-lse\workspace_lpc845\03_light_control\component\pwm" -I"C:\Users\facum\Documents\curso lse\curso-lse\workspace_lpc845\03_light_control\component\timer" -I"C:\Users\facum\Documents\curso lse\curso-lse\workspace_lpc845\03_light_control\board" -I"C:\Users\facum\Documents\curso lse\curso-lse\workspace_lpc845\03_light_control\source" -O0 -fno-common -g3 -gdwarf-4 -Wall -c -ffunction-sections -fdata-sections -fno-builtin -fmerge-constants -fmacro-prefix-map="../utilities/"= -mcpu=cortex-m0plus -mthumb -D__REDLIB__ -fstack-usage -specs=redlib.specs -MMD -MP -MF"utilities/fsl_assert.d" -MT"utilities/fsl_assert.o" -MT"utilities/fsl_assert.d" -o "utilities/fsl_assert.o" "../utilities/fsl_assert.c"
Invoking: MCU C Compiler
Invoking: MCU C Compiler
arm-none-eabi-gcc -DCPU_LPC845M301JBD48 -DCPU_LPC845M301JBD48_cm0plus -DSDK_OS_BAREMETAL -DSDK_DEBUGCONSOLE=1 -DCR_INTEGER_PRINTF -DPRINTF_FLOAT_ENABLE=0 -D__MCUXPRESSO -D__USE_CMSIS -DDEBUG -D__REDLIB__ -DTIMER_PORT_TYPE_CTIMER=1 -I"C:\Users\facum\Documents\curso lse\curso-lse\workspace_lpc845\03_light_control\component\uart" -I"C:\Users\facum\Documents\curso lse\curso-lse\workspace_lpc845\03_light_control\drivers" -I"C:\Users\facum\Documents\curso lse\curso-lse\workspace_lpc845\03_light_control\CMSIS" -I"C:\Users\facum\Documents\curso lse\curso-lse\workspace_lpc845\03_light_control\device" -I"C:\Users\facum\Documents\curso lse\curso-lse\workspace_lpc845\03_light_control\utilities" -I"C:\Users\facum\Documents\curso lse\curso-lse\workspace_lpc845\03_light_control\component\pwm" -I"C:\Users\facum\Documents\curso lse\curso-lse\workspace_lpc845\03_light_control\component\timer" -I"C:\Users\facum\Documents\curso lse\curso-lse\workspace_lpc845\03_light_control\board" -I"C:\Users\facum\Documents\curso lse\curso-lse\workspace_lpc845\03_light_control\source" -O0 -fno-common -g3 -gdwarf-4 -Wall -c -ffunction-sections -fdata-sections -fno-builtin -fmerge-constants -fmacro-prefix-map="../utilities/"= -mcpu=cortex-m0plus -mthumb -D__REDLIB__ -fstack-usage -specs=redlib.specs -MMD -MP -MF"utilities/fsl_debug_console.d" -MT"utilities/fsl_debug_console.o" -MT"utilities/fsl_debug_console.d" -o "utilities/fsl_debug_console.o" "../utilities/fsl_debug_console.c"
arm-none-eabi-gcc -DCPU_LPC845M301JBD48 -DCPU_LPC845M301JBD48_cm0plus -DSDK_OS_BAREMETAL -DSDK_DEBUGCONSOLE=1 -DCR_INTEGER_PRINTF -DPRINTF_FLOAT_ENABLE=0 -D__MCUXPRESSO -D__USE_CMSIS -DDEBUG -D__REDLIB__ -DTIMER_PORT_TYPE_CTIMER=1 -I"C:\Users\facum\Documents\curso lse\curso-lse\workspace_lpc845\03_light_control\component\uart" -I"C:\Users\facum\Documents\curso lse\curso-lse\workspace_lpc845\03_light_control\drivers" -I"C:\Users\facum\Documents\curso lse\curso-lse\workspace_lpc845\03_light_control\CMSIS" -I"C:\Users\facum\Documents\curso lse\curso-lse\workspace_lpc845\03_light_control\device" -I"C:\Users\facum\Documents\curso lse\curso-lse\workspace_lpc845\03_light_control\utilities" -I"C:\Users\facum\Documents\curso lse\curso-lse\workspace_lpc845\03_light_control\component\pwm" -I"C:\Users\facum\Documents\curso lse\curso-lse\workspace_lpc845\03_light_control\component\timer" -I"C:\Users\facum\Documents\curso lse\curso-lse\workspace_lpc845\03_light_control\board" -I"C:\Users\facum\Documents\curso lse\curso-lse\workspace_lpc845\03_light_control\source" -O0 -fno-common -g3 -gdwarf-4 -Wall -c -ffunction-sections -fdata-sections -fno-builtin -fmerge-constants -fmacro-prefix-map="../utilities/"= -mcpu=cortex-m0plus -mthumb -D__REDLIB__ -fstack-usage -specs=redlib.specs -MMD -MP -MF"utilities/fsl_str.d" -MT"utilities/fsl_str.o" -MT"utilities/fsl_str.d" -o "utilities/fsl_str.o" "../utilities/fsl_str.c"
arm-none-eabi-gcc -DCPU_LPC845M301JBD48 -DCPU_LPC845M301JBD48_cm0plus -DSDK_OS_BAREMETAL -DSDK_DEBUGCONSOLE=1 -DCR_INTEGER_PRINTF -DPRINTF_FLOAT_ENABLE=0 -D__MCUXPRESSO -D__USE_CMSIS -DDEBUG -D__REDLIB__ -DTIMER_PORT_TYPE_CTIMER=1 -I"C:\Users\facum\Documents\curso lse\curso-lse\workspace_lpc845\03_light_control\component\uart" -I"C:\Users\facum\Documents\curso lse\curso-lse\workspace_lpc845\03_light_control\drivers" -I"C:\Users\facum\Documents\curso lse\curso-lse\workspace_lpc845\03_light_control\CMSIS" -I"C:\Users\facum\Documents\curso lse\curso-lse\workspace_lpc845\03_light_control\device" -I"C:\Users\facum\Documents\curso lse\curso-lse\workspace_lpc845\03_light_control\utilities" -I"C:\Users\facum\Documents\curso lse\curso-lse\workspace_lpc845\03_light_control\component\pwm" -I"C:\Users\facum\Documents\curso lse\curso-lse\workspace_lpc845\03_light_control\component\timer" -I"C:\Users\facum\Documents\curso lse\curso-lse\workspace_lpc845\03_light_control\board" -I"C:\Users\facum\Documents\curso lse\curso-lse\workspace_lpc845\03_light_control\source" -O0 -fno-common -g3 -gdwarf-4 -Wall -c -ffunction-sections -fdata-sections -fno-builtin -fmerge-constants -fmacro-prefix-map="../startup/"= -mcpu=cortex-m0plus -mthumb -D__REDLIB__ -fstack-usage -specs=redlib.specs -MMD -MP -MF"startup/startup_lpc845.d" -MT"startup/startup_lpc845.o" -MT"startup/startup_lpc845.d" -o "startup/startup_lpc845.o" "../startup/startup_lpc845.c"
Finished building: ../utilities/fsl_assert.c
Finished building: ../utilities/fsl_debug_console.c
Finished building: ../startup/startup_lpc845.c
 
 
Building file: ../source/03_light_control.c
 
Building file: ../source/mtb.c
Invoking: MCU C Compiler
Building file: ../source/semihost_hardfault.c
arm-none-eabi-gcc -DCPU_LPC845M301JBD48 -DCPU_LPC845M301JBD48_cm0plus -DSDK_OS_BAREMETAL -DSDK_DEBUGCONSOLE=1 -DCR_INTEGER_PRINTF -DPRINTF_FLOAT_ENABLE=0 -D__MCUXPRESSO -D__USE_CMSIS -DDEBUG -D__REDLIB__ -DTIMER_PORT_TYPE_CTIMER=1 -I"C:\Users\facum\Documents\curso lse\curso-lse\workspace_lpc845\03_light_control\component\uart" -I"C:\Users\facum\Documents\curso lse\curso-lse\workspace_lpc845\03_light_control\drivers" -I"C:\Users\facum\Documents\curso lse\curso-lse\workspace_lpc845\03_light_control\CMSIS" -I"C:\Users\facum\Documents\curso lse\curso-lse\workspace_lpc845\03_light_control\device" -I"C:\Users\facum\Documents\curso lse\curso-lse\workspace_lpc845\03_light_control\utilities" -I"C:\Users\facum\Documents\curso lse\curso-lse\workspace_lpc845\03_light_control\component\pwm" -I"C:\Users\facum\Documents\curso lse\curso-lse\workspace_lpc845\03_light_control\component\timer" -I"C:\Users\facum\Documents\curso lse\curso-lse\workspace_lpc845\03_light_control\board" -I"C:\Users\facum\Documents\curso lse\curso-lse\workspace_lpc845\03_light_control\source" -O0 -fno-common -g3 -gdwarf-4 -Wall -c -ffunction-sections -fdata-sections -fno-builtin -fmerge-constants -fmacro-prefix-map="../source/"= -mcpu=cortex-m0plus -mthumb -D__REDLIB__ -fstack-usage -specs=redlib.specs -MMD -MP -MF"source/03_light_control.d" -MT"source/03_light_control.o" -MT"source/03_light_control.d" -o "source/03_light_control.o" "../source/03_light_control.c"
Invoking: MCU C Compiler
arm-none-eabi-gcc -DCPU_LPC845M301JBD48 -DCPU_LPC845M301JBD48_cm0plus -DSDK_OS_BAREMETAL -DSDK_DEBUGCONSOLE=1 -DCR_INTEGER_PRINTF -DPRINTF_FLOAT_ENABLE=0 -D__MCUXPRESSO -D__USE_CMSIS -DDEBUG -D__REDLIB__ -DTIMER_PORT_TYPE_CTIMER=1 -I"C:\Users\facum\Documents\curso lse\curso-lse\workspace_lpc845\03_light_control\component\uart" -I"C:\Users\facum\Documents\curso lse\curso-lse\workspace_lpc845\03_light_control\drivers" -I"C:\Users\facum\Documents\curso lse\curso-lse\workspace_lpc845\03_light_control\CMSIS" -I"C:\Users\facum\Documents\curso lse\curso-lse\workspace_lpc845\03_light_control\device" -I"C:\Users\facum\Documents\curso lse\curso-lse\workspace_lpc845\03_light_control\utilities" -I"C:\Users\facum\Documents\curso lse\curso-lse\workspace_lpc845\03_light_control\component\pwm" -I"C:\Users\facum\Documents\curso lse\curso-lse\workspace_lpc845\03_light_control\component\timer" -I"C:\Users\facum\Documents\curso lse\curso-lse\workspace_lpc845\03_light_control\board" -I"C:\Users\facum\Documents\curso lse\curso-lse\workspace_lpc845\03_light_control\source" -O0 -fno-common -g3 -gdwarf-4 -Wall -c -ffunction-sections -fdata-sections -fno-builtin -fmerge-constants -fmacro-prefix-map="../source/"= -mcpu=cortex-m0plus -mthumb -D__REDLIB__ -fstack-usage -specs=redlib.specs -MMD -MP -MF"source/mtb.d" -MT"source/mtb.o" -MT"source/mtb.d" -o "source/mtb.o" "../source/mtb.c"
Finished building: ../utilities/fsl_str.c
Invoking: MCU C Compiler
arm-none-eabi-gcc -DCPU_LPC845M301JBD48 -DCPU_LPC845M301JBD48_cm0plus -DSDK_OS_BAREMETAL -DSDK_DEBUGCONSOLE=1 -DCR_INTEGER_PRINTF -DPRINTF_FLOAT_ENABLE=0 -D__MCUXPRESSO -D__USE_CMSIS -DDEBUG -D__REDLIB__ -DTIMER_PORT_TYPE_CTIMER=1 -I"C:\Users\facum\Documents\curso lse\curso-lse\workspace_lpc845\03_light_control\component\uart" -I"C:\Users\facum\Documents\curso lse\curso-lse\workspace_lpc845\03_light_control\drivers" -I"C:\Users\facum\Documents\curso lse\curso-lse\workspace_lpc845\03_light_control\CMSIS" -I"C:\Users\facum\Documents\curso lse\curso-lse\workspace_lpc845\03_light_control\device" -I"C:\Users\facum\Documents\curso lse\curso-lse\workspace_lpc845\03_light_control\utilities" -I"C:\Users\facum\Documents\curso lse\curso-lse\workspace_lpc845\03_light_control\component\pwm" -I"C:\Users\facum\Documents\curso lse\curso-lse\workspace_lpc845\03_light_control\component\timer" -I"C:\Users\facum\Documents\curso lse\curso-lse\workspace_lpc845\03_light_control\board" -I"C:\Users\facum\Documents\curso lse\curso-lse\workspace_lpc845\03_light_control\source" -O0 -fno-common -g3 -gdwarf-4 -Wall -c -ffunction-sections -fdata-sections -fno-builtin -fmerge-constants -fmacro-prefix-map="../source/"= -mcpu=cortex-m0plus -mthumb -D__REDLIB__ -fstack-usage -specs=redlib.specs -MMD -MP -MF"source/semihost_hardfault.d" -MT"source/semihost_hardfault.o" -MT"source/semihost_hardfault.d" -o "source/semihost_hardfault.o" "../source/semihost_hardfault.c"
 
Building file: ../drivers/fsl_clock.c
Invoking: MCU C Compiler
arm-none-eabi-gcc -DCPU_LPC845M301JBD48 -DCPU_LPC845M301JBD48_cm0plus -DSDK_OS_BAREMETAL -DSDK_DEBUGCONSOLE=1 -DCR_INTEGER_PRINTF -DPRINTF_FLOAT_ENABLE=0 -D__MCUXPRESSO -D__USE_CMSIS -DDEBUG -D__REDLIB__ -DTIMER_PORT_TYPE_CTIMER=1 -I"C:\Users\facum\Documents\curso lse\curso-lse\workspace_lpc845\03_light_control\component\uart" -I"C:\Users\facum\Documents\curso lse\curso-lse\workspace_lpc845\03_light_control\drivers" -I"C:\Users\facum\Documents\curso lse\curso-lse\workspace_lpc845\03_light_control\CMSIS" -I"C:\Users\facum\Documents\curso lse\curso-lse\workspace_lpc845\03_light_control\device" -I"C:\Users\facum\Documents\curso lse\curso-lse\workspace_lpc845\03_light_control\utilities" -I"C:\Users\facum\Documents\curso lse\curso-lse\workspace_lpc845\03_light_control\component\pwm" -I"C:\Users\facum\Documents\curso lse\curso-lse\workspace_lpc845\03_light_control\component\timer" -I"C:\Users\facum\Documents\curso lse\curso-lse\workspace_lpc845\03_light_control\board" -I"C:\Users\facum\Documents\curso lse\curso-lse\workspace_lpc845\03_light_control\source" -O0 -fno-common -g3 -gdwarf-4 -Wall -c -ffunction-sections -fdata-sections -fno-builtin -fmerge-constants -fmacro-prefix-map="../drivers/"= -mcpu=cortex-m0plus -mthumb -D__REDLIB__ -fstack-usage -specs=redlib.specs -MMD -MP -MF"drivers/fsl_clock.d" -MT"drivers/fsl_clock.o" -MT"drivers/fsl_clock.d" -o "drivers/fsl_clock.o" "../drivers/fsl_clock.c"
Finished building: ../source/mtb.c
Finished building: ../source/semihost_hardfault.c
 
 
Building file: ../drivers/fsl_common_arm.c
Building file: ../drivers/fsl_common.c
Invoking: MCU C Compiler
arm-none-eabi-gcc -DCPU_LPC845M301JBD48 -DCPU_LPC845M301JBD48_cm0plus -DSDK_OS_BAREMETAL -DSDK_DEBUGCONSOLE=1 -DCR_INTEGER_PRINTF -DPRINTF_FLOAT_ENABLE=0 -D__MCUXPRESSO -D__USE_CMSIS -DDEBUG -D__REDLIB__ -DTIMER_PORT_TYPE_CTIMER=1 -I"C:\Users\facum\Documents\curso lse\curso-lse\workspace_lpc845\03_light_control\component\uart" -I"C:\Users\facum\Documents\curso lse\curso-lse\workspace_lpc845\03_light_control\drivers" -I"C:\Users\facum\Documents\curso lse\curso-lse\workspace_lpc845\03_light_control\CMSIS" -I"C:\Users\facum\Documents\curso lse\curso-lse\workspace_lpc845\03_light_control\device" -I"C:\Users\facum\Documents\curso lse\curso-lse\workspace_lpc845\03_light_control\utilities" -I"C:\Users\facum\Documents\curso lse\curso-lse\workspace_lpc845\03_light_control\component\pwm" -I"C:\Users\facum\Documents\curso lse\curso-lse\workspace_lpc845\03_light_control\component\timer" -I"C:\Users\facum\Documents\curso lse\curso-lse\workspace_lpc845\03_light_control\board" -I"C:\Users\facum\Documents\curso lse\curso-lse\workspace_lpc845\03_light_control\source" -O0 -fno-common -g3 -gdwarf-4 -Wall -c -ffunction-sections -fdata-sections -fno-builtin -fmerge-constants -fmacro-prefix-map="../drivers/"= -mcpu=cortex-m0plus -mthumb -D__REDLIB__ -fstack-usage -specs=redlib.specs -MMD -MP -MF"drivers/fsl_common.d" -MT"drivers/fsl_common.o" -MT"drivers/fsl_common.d" -o "drivers/fsl_common.o" "../drivers/fsl_common.c"
Invoking: MCU C Compiler
arm-none-eabi-gcc -DCPU_LPC845M301JBD48 -DCPU_LPC845M301JBD48_cm0plus -DSDK_OS_BAREMETAL -DSDK_DEBUGCONSOLE=1 -DCR_INTEGER_PRINTF -DPRINTF_FLOAT_ENABLE=0 -D__MCUXPRESSO -D__USE_CMSIS -DDEBUG -D__REDLIB__ -DTIMER_PORT_TYPE_CTIMER=1 -I"C:\Users\facum\Documents\curso lse\curso-lse\workspace_lpc845\03_light_control\component\uart" -I"C:\Users\facum\Documents\curso lse\curso-lse\workspace_lpc845\03_light_control\drivers" -I"C:\Users\facum\Documents\curso lse\curso-lse\workspace_lpc845\03_light_control\CMSIS" -I"C:\Users\facum\Documents\curso lse\curso-lse\workspace_lpc845\03_light_control\device" -I"C:\Users\facum\Documents\curso lse\curso-lse\workspace_lpc845\03_light_control\utilities" -I"C:\Users\facum\Documents\curso lse\curso-lse\workspace_lpc845\03_light_control\component\pwm" -I"C:\Users\facum\Documents\curso lse\curso-lse\workspace_lpc845\03_light_control\component\timer" -I"C:\Users\facum\Documents\curso lse\curso-lse\workspace_lpc845\03_light_control\board" -I"C:\Users\facum\Documents\curso lse\curso-lse\workspace_lpc845\03_light_control\source" -O0 -fno-common -g3 -gdwarf-4 -Wall -c -ffunction-sections -fdata-sections -fno-builtin -fmerge-constants -fmacro-prefix-map="../drivers/"= -mcpu=cortex-m0plus -mthumb -D__REDLIB__ -fstack-usage -specs=redlib.specs -MMD -MP -MF"drivers/fsl_common_arm.d" -MT"drivers/fsl_common_arm.o" -MT"drivers/fsl_common_arm.d" -o "drivers/fsl_common_arm.o" "../drivers/fsl_common_arm.c"
Finished building: ../source/03_light_control.c
 
Building file: ../drivers/fsl_ctimer.c
Invoking: MCU C Compiler
arm-none-eabi-gcc -DCPU_LPC845M301JBD48 -DCPU_LPC845M301JBD48_cm0plus -DSDK_OS_BAREMETAL -DSDK_DEBUGCONSOLE=1 -DCR_INTEGER_PRINTF -DPRINTF_FLOAT_ENABLE=0 -D__MCUXPRESSO -D__USE_CMSIS -DDEBUG -D__REDLIB__ -DTIMER_PORT_TYPE_CTIMER=1 -I"C:\Users\facum\Documents\curso lse\curso-lse\workspace_lpc845\03_light_control\component\uart" -I"C:\Users\facum\Documents\curso lse\curso-lse\workspace_lpc845\03_light_control\drivers" -I"C:\Users\facum\Documents\curso lse\curso-lse\workspace_lpc845\03_light_control\CMSIS" -I"C:\Users\facum\Documents\curso lse\curso-lse\workspace_lpc845\03_light_control\device" -I"C:\Users\facum\Documents\curso lse\curso-lse\workspace_lpc845\03_light_control\utilities" -I"C:\Users\facum\Documents\curso lse\curso-lse\workspace_lpc845\03_light_control\component\pwm" -I"C:\Users\facum\Documents\curso lse\curso-lse\workspace_lpc845\03_light_control\component\timer" -I"C:\Users\facum\Documents\curso lse\curso-lse\workspace_lpc845\03_light_control\board" -I"C:\Users\facum\Documents\curso lse\curso-lse\workspace_lpc845\03_light_control\source" -O0 -fno-common -g3 -gdwarf-4 -Wall -c -ffunction-sections -fdata-sections -fno-builtin -fmerge-constants -fmacro-prefix-map="../drivers/"= -mcpu=cortex-m0plus -mthumb -D__REDLIB__ -fstack-usage -specs=redlib.specs -MMD -MP -MF"drivers/fsl_ctimer.d" -MT"drivers/fsl_ctimer.o" -MT"drivers/fsl_ctimer.d" -o "drivers/fsl_ctimer.o" "../drivers/fsl_ctimer.c"
Finished building: ../drivers/fsl_clock.c
 
Building file: ../drivers/fsl_gpio.c
Invoking: MCU C Compiler
arm-none-eabi-gcc -DCPU_LPC845M301JBD48 -DCPU_LPC845M301JBD48_cm0plus -DSDK_OS_BAREMETAL -DSDK_DEBUGCONSOLE=1 -DCR_INTEGER_PRINTF -DPRINTF_FLOAT_ENABLE=0 -D__MCUXPRESSO -D__USE_CMSIS -DDEBUG -D__REDLIB__ -DTIMER_PORT_TYPE_CTIMER=1 -I"C:\Users\facum\Documents\curso lse\curso-lse\workspace_lpc845\03_light_control\component\uart" -I"C:\Users\facum\Documents\curso lse\curso-lse\workspace_lpc845\03_light_control\drivers" -I"C:\Users\facum\Documents\curso lse\curso-lse\workspace_lpc845\03_light_control\CMSIS" -I"C:\Users\facum\Documents\curso lse\curso-lse\workspace_lpc845\03_light_control\device" -I"C:\Users\facum\Documents\curso lse\curso-lse\workspace_lpc845\03_light_control\utilities" -I"C:\Users\facum\Documents\curso lse\curso-lse\workspace_lpc845\03_light_control\component\pwm" -I"C:\Users\facum\Documents\curso lse\curso-lse\workspace_lpc845\03_light_control\component\timer" -I"C:\Users\facum\Documents\curso lse\curso-lse\workspace_lpc845\03_light_control\board" -I"C:\Users\facum\Documents\curso lse\curso-lse\workspace_lpc845\03_light_control\source" -O0 -fno-common -g3 -gdwarf-4 -Wall -c -ffunction-sections -fdata-sections -fno-builtin -fmerge-constants -fmacro-prefix-map="../drivers/"= -mcpu=cortex-m0plus -mthumb -D__REDLIB__ -fstack-usage -specs=redlib.specs -MMD -MP -MF"drivers/fsl_gpio.d" -MT"drivers/fsl_gpio.o" -MT"drivers/fsl_gpio.d" -o "drivers/fsl_gpio.o" "../drivers/fsl_gpio.c"
Finished building: ../drivers/fsl_common.c
 
Finished building: ../drivers/fsl_common_arm.c
Building file: ../drivers/fsl_i2c.c
 
Invoking: MCU C Compiler
Building file: ../drivers/fsl_power.c
arm-none-eabi-gcc -DCPU_LPC845M301JBD48 -DCPU_LPC845M301JBD48_cm0plus -DSDK_OS_BAREMETAL -DSDK_DEBUGCONSOLE=1 -DCR_INTEGER_PRINTF -DPRINTF_FLOAT_ENABLE=0 -D__MCUXPRESSO -D__USE_CMSIS -DDEBUG -D__REDLIB__ -DTIMER_PORT_TYPE_CTIMER=1 -I"C:\Users\facum\Documents\curso lse\curso-lse\workspace_lpc845\03_light_control\component\uart" -I"C:\Users\facum\Documents\curso lse\curso-lse\workspace_lpc845\03_light_control\drivers" -I"C:\Users\facum\Documents\curso lse\curso-lse\workspace_lpc845\03_light_control\CMSIS" -I"C:\Users\facum\Documents\curso lse\curso-lse\workspace_lpc845\03_light_control\device" -I"C:\Users\facum\Documents\curso lse\curso-lse\workspace_lpc845\03_light_control\utilities" -I"C:\Users\facum\Documents\curso lse\curso-lse\workspace_lpc845\03_light_control\component\pwm" -I"C:\Users\facum\Documents\curso lse\curso-lse\workspace_lpc845\03_light_control\component\timer" -I"C:\Users\facum\Documents\curso lse\curso-lse\workspace_lpc845\03_light_control\board" -I"C:\Users\facum\Documents\curso lse\curso-lse\workspace_lpc845\03_light_control\source" -O0 -fno-common -g3 -gdwarf-4 -Wall -c -ffunction-sections -fdata-sections -fno-builtin -fmerge-constants -fmacro-prefix-map="../drivers/"= -mcpu=cortex-m0plus -mthumb -D__REDLIB__ -fstack-usage -specs=redlib.specs -MMD -MP -MF"drivers/fsl_i2c.d" -MT"drivers/fsl_i2c.o" -MT"drivers/fsl_i2c.d" -o "drivers/fsl_i2c.o" "../drivers/fsl_i2c.c"
Invoking: MCU C Compiler
Finished building: ../drivers/fsl_ctimer.c
arm-none-eabi-gcc -DCPU_LPC845M301JBD48 -DCPU_LPC845M301JBD48_cm0plus -DSDK_OS_BAREMETAL -DSDK_DEBUGCONSOLE=1 -DCR_INTEGER_PRINTF -DPRINTF_FLOAT_ENABLE=0 -D__MCUXPRESSO -D__USE_CMSIS -DDEBUG -D__REDLIB__ -DTIMER_PORT_TYPE_CTIMER=1 -I"C:\Users\facum\Documents\curso lse\curso-lse\workspace_lpc845\03_light_control\component\uart" -I"C:\Users\facum\Documents\curso lse\curso-lse\workspace_lpc845\03_light_control\drivers" -I"C:\Users\facum\Documents\curso lse\curso-lse\workspace_lpc845\03_light_control\CMSIS" -I"C:\Users\facum\Documents\curso lse\curso-lse\workspace_lpc845\03_light_control\device" -I"C:\Users\facum\Documents\curso lse\curso-lse\workspace_lpc845\03_light_control\utilities" -I"C:\Users\facum\Documents\curso lse\curso-lse\workspace_lpc845\03_light_control\component\pwm" -I"C:\Users\facum\Documents\curso lse\curso-lse\workspace_lpc845\03_light_control\component\timer" -I"C:\Users\facum\Documents\curso lse\curso-lse\workspace_lpc845\03_light_control\board" -I"C:\Users\facum\Documents\curso lse\curso-lse\workspace_lpc845\03_light_control\source" -O0 -fno-common -g3 -gdwarf-4 -Wall -c -ffunction-sections -fdata-sections -fno-builtin -fmerge-constants -fmacro-prefix-map="../drivers/"= -mcpu=cortex-m0plus -mthumb -D__REDLIB__ -fstack-usage -specs=redlib.specs -MMD -MP -MF"drivers/fsl_power.d" -MT"drivers/fsl_power.o" -MT"drivers/fsl_power.d" -o "drivers/fsl_power.o" "../drivers/fsl_power.c"
 
Building file: ../drivers/fsl_reset.c
Finished building: ../drivers/fsl_gpio.c
Invoking: MCU C Compiler
arm-none-eabi-gcc -DCPU_LPC845M301JBD48 -DCPU_LPC845M301JBD48_cm0plus -DSDK_OS_BAREMETAL -DSDK_DEBUGCONSOLE=1 -DCR_INTEGER_PRINTF -DPRINTF_FLOAT_ENABLE=0 -D__MCUXPRESSO -D__USE_CMSIS -DDEBUG -D__REDLIB__ -DTIMER_PORT_TYPE_CTIMER=1 -I"C:\Users\facum\Documents\curso lse\curso-lse\workspace_lpc845\03_light_control\component\uart" -I"C:\Users\facum\Documents\curso lse\curso-lse\workspace_lpc845\03_light_control\drivers" -I"C:\Users\facum\Documents\curso lse\curso-lse\workspace_lpc845\03_light_control\CMSIS" -I"C:\Users\facum\Documents\curso lse\curso-lse\workspace_lpc845\03_light_control\device" -I"C:\Users\facum\Documents\curso lse\curso-lse\workspace_lpc845\03_light_control\utilities" -I"C:\Users\facum\Documents\curso lse\curso-lse\workspace_lpc845\03_light_control\component\pwm" -I"C:\Users\facum\Documents\curso lse\curso-lse\workspace_lpc845\03_light_control\component\timer" -I"C:\Users\facum\Documents\curso lse\curso-lse\workspace_lpc845\03_light_control\board" -I"C:\Users\facum\Documents\curso lse\curso-lse\workspace_lpc845\03_light_control\source" -O0 -fno-common -g3 -gdwarf-4 -Wall -c -ffunction-sections -fdata-sections -fno-builtin -fmerge-constants -fmacro-prefix-map="../drivers/"= -mcpu=cortex-m0plus -mthumb -D__REDLIB__ -fstack-usage -specs=redlib.specs -MMD -MP -MF"drivers/fsl_reset.d" -MT"drivers/fsl_reset.o" -MT"drivers/fsl_reset.d" -o "drivers/fsl_reset.o" "../drivers/fsl_reset.c"
 
Building file: ../drivers/fsl_sctimer.c
Invoking: MCU C Compiler
arm-none-eabi-gcc -DCPU_LPC845M301JBD48 -DCPU_LPC845M301JBD48_cm0plus -DSDK_OS_BAREMETAL -DSDK_DEBUGCONSOLE=1 -DCR_INTEGER_PRINTF -DPRINTF_FLOAT_ENABLE=0 -D__MCUXPRESSO -D__USE_CMSIS -DDEBUG -D__REDLIB__ -DTIMER_PORT_TYPE_CTIMER=1 -I"C:\Users\facum\Documents\curso lse\curso-lse\workspace_lpc845\03_light_control\component\uart" -I"C:\Users\facum\Documents\curso lse\curso-lse\workspace_lpc845\03_light_control\drivers" -I"C:\Users\facum\Documents\curso lse\curso-lse\workspace_lpc845\03_light_control\CMSIS" -I"C:\Users\facum\Documents\curso lse\curso-lse\workspace_lpc845\03_light_control\device" -I"C:\Users\facum\Documents\curso lse\curso-lse\workspace_lpc845\03_light_control\utilities" -I"C:\Users\facum\Documents\curso lse\curso-lse\workspace_lpc845\03_light_control\component\pwm" -I"C:\Users\facum\Documents\curso lse\curso-lse\workspace_lpc845\03_light_control\component\timer" -I"C:\Users\facum\Documents\curso lse\curso-lse\workspace_lpc845\03_light_control\board" -I"C:\Users\facum\Documents\curso lse\curso-lse\workspace_lpc845\03_light_control\source" -O0 -fno-common -g3 -gdwarf-4 -Wall -c -ffunction-sections -fdata-sections -fno-builtin -fmerge-constants -fmacro-prefix-map="../drivers/"= -mcpu=cortex-m0plus -mthumb -D__REDLIB__ -fstack-usage -specs=redlib.specs -MMD -MP -MF"drivers/fsl_sctimer.d" -MT"drivers/fsl_sctimer.o" -MT"drivers/fsl_sctimer.d" -o "drivers/fsl_sctimer.o" "../drivers/fsl_sctimer.c"
Finished building: ../drivers/fsl_power.c
 
Building file: ../drivers/fsl_swm.c
Finished building: ../drivers/fsl_i2c.c
Finished building: ../drivers/fsl_reset.c
Invoking: MCU C Compiler
 
 
arm-none-eabi-gcc -DCPU_LPC845M301JBD48 -DCPU_LPC845M301JBD48_cm0plus -DSDK_OS_BAREMETAL -DSDK_DEBUGCONSOLE=1 -DCR_INTEGER_PRINTF -DPRINTF_FLOAT_ENABLE=0 -D__MCUXPRESSO -D__USE_CMSIS -DDEBUG -D__REDLIB__ -DTIMER_PORT_TYPE_CTIMER=1 -I"C:\Users\facum\Documents\curso lse\curso-lse\workspace_lpc845\03_light_control\component\uart" -I"C:\Users\facum\Documents\curso lse\curso-lse\workspace_lpc845\03_light_control\drivers" -I"C:\Users\facum\Documents\curso lse\curso-lse\workspace_lpc845\03_light_control\CMSIS" -I"C:\Users\facum\Documents\curso lse\curso-lse\workspace_lpc845\03_light_control\device" -I"C:\Users\facum\Documents\curso lse\curso-lse\workspace_lpc845\03_light_control\utilities" -I"C:\Users\facum\Documents\curso lse\curso-lse\workspace_lpc845\03_light_control\component\pwm" -I"C:\Users\facum\Documents\curso lse\curso-lse\workspace_lpc845\03_light_control\component\timer" -I"C:\Users\facum\Documents\curso lse\curso-lse\workspace_lpc845\03_light_control\board" -I"C:\Users\facum\Documents\curso lse\curso-lse\workspace_lpc845\03_light_control\source" -O0 -fno-common -g3 -gdwarf-4 -Wall -c -ffunction-sections -fdata-sections -fno-builtin -fmerge-constants -fmacro-prefix-map="../drivers/"= -mcpu=cortex-m0plus -mthumb -D__REDLIB__ -fstack-usage -specs=redlib.specs -MMD -MP -MF"drivers/fsl_swm.d" -MT"drivers/fsl_swm.o" -MT"drivers/fsl_swm.d" -o "drivers/fsl_swm.o" "../drivers/fsl_swm.c"
Building file: ../drivers/fsl_usart.c
Building file: ../device/system_LPC845.c
Invoking: MCU C Compiler
arm-none-eabi-gcc -DCPU_LPC845M301JBD48 -DCPU_LPC845M301JBD48_cm0plus -DSDK_OS_BAREMETAL -DSDK_DEBUGCONSOLE=1 -DCR_INTEGER_PRINTF -DPRINTF_FLOAT_ENABLE=0 -D__MCUXPRESSO -D__USE_CMSIS -DDEBUG -D__REDLIB__ -DTIMER_PORT_TYPE_CTIMER=1 -I"C:\Users\facum\Documents\curso lse\curso-lse\workspace_lpc845\03_light_control\component\uart" -I"C:\Users\facum\Documents\curso lse\curso-lse\workspace_lpc845\03_light_control\drivers" -I"C:\Users\facum\Documents\curso lse\curso-lse\workspace_lpc845\03_light_control\CMSIS" -I"C:\Users\facum\Documents\curso lse\curso-lse\workspace_lpc845\03_light_control\device" -I"C:\Users\facum\Documents\curso lse\curso-lse\workspace_lpc845\03_light_control\utilities" -I"C:\Users\facum\Documents\curso lse\curso-lse\workspace_lpc845\03_light_control\component\pwm" -I"C:\Users\facum\Documents\curso lse\curso-lse\workspace_lpc845\03_light_control\component\timer" -I"C:\Users\facum\Documents\curso lse\curso-lse\workspace_lpc845\03_light_control\board" -I"C:\Users\facum\Documents\curso lse\curso-lse\workspace_lpc845\03_light_control\source" -O0 -fno-common -g3 -gdwarf-4 -Wall -c -ffunction-sections -fdata-sections -fno-builtin -fmerge-constants -fmacro-prefix-map="../drivers/"= -mcpu=cortex-m0plus -mthumb -D__REDLIB__ -fstack-usage -specs=redlib.specs -MMD -MP -MF"drivers/fsl_usart.d" -MT"drivers/fsl_usart.o" -MT"drivers/fsl_usart.d" -o "drivers/fsl_usart.o" "../drivers/fsl_usart.c"
Invoking: MCU C Compiler
arm-none-eabi-gcc -DCPU_LPC845M301JBD48 -DCPU_LPC845M301JBD48_cm0plus -DSDK_OS_BAREMETAL -DSDK_DEBUGCONSOLE=1 -DCR_INTEGER_PRINTF -DPRINTF_FLOAT_ENABLE=0 -D__MCUXPRESSO -D__USE_CMSIS -DDEBUG -D__REDLIB__ -DTIMER_PORT_TYPE_CTIMER=1 -I"C:\Users\facum\Documents\curso lse\curso-lse\workspace_lpc845\03_light_control\component\uart" -I"C:\Users\facum\Documents\curso lse\curso-lse\workspace_lpc845\03_light_control\drivers" -I"C:\Users\facum\Documents\curso lse\curso-lse\workspace_lpc845\03_light_control\CMSIS" -I"C:\Users\facum\Documents\curso lse\curso-lse\workspace_lpc845\03_light_control\device" -I"C:\Users\facum\Documents\curso lse\curso-lse\workspace_lpc845\03_light_control\utilities" -I"C:\Users\facum\Documents\curso lse\curso-lse\workspace_lpc845\03_light_control\component\pwm" -I"C:\Users\facum\Documents\curso lse\curso-lse\workspace_lpc845\03_light_control\component\timer" -I"C:\Users\facum\Documents\curso lse\curso-lse\workspace_lpc845\03_light_control\board" -I"C:\Users\facum\Documents\curso lse\curso-lse\workspace_lpc845\03_light_control\source" -O0 -fno-common -g3 -gdwarf-4 -Wall -c -ffunction-sections -fdata-sections -fno-builtin -fmerge-constants -fmacro-prefix-map="../device/"= -mcpu=cortex-m0plus -mthumb -D__REDLIB__ -fstack-usage -specs=redlib.specs -MMD -MP -MF"device/system_LPC845.d" -MT"device/system_LPC845.o" -MT"device/system_LPC845.d" -o "device/system_LPC845.o" "../device/system_LPC845.c"
Finished building: ../drivers/fsl_sctimer.c
 
Building file: ../component/uart/fsl_adapter_miniusart.c
Invoking: MCU C Compiler
arm-none-eabi-gcc -DCPU_LPC845M301JBD48 -DCPU_LPC845M301JBD48_cm0plus -DSDK_OS_BAREMETAL -DSDK_DEBUGCONSOLE=1 -DCR_INTEGER_PRINTF -DPRINTF_FLOAT_ENABLE=0 -D__MCUXPRESSO -D__USE_CMSIS -DDEBUG -D__REDLIB__ -DTIMER_PORT_TYPE_CTIMER=1 -I"C:\Users\facum\Documents\curso lse\curso-lse\workspace_lpc845\03_light_control\component\uart" -I"C:\Users\facum\Documents\curso lse\curso-lse\workspace_lpc845\03_light_control\drivers" -I"C:\Users\facum\Documents\curso lse\curso-lse\workspace_lpc845\03_light_control\CMSIS" -I"C:\Users\facum\Documents\curso lse\curso-lse\workspace_lpc845\03_light_control\device" -I"C:\Users\facum\Documents\curso lse\curso-lse\workspace_lpc845\03_light_control\utilities" -I"C:\Users\facum\Documents\curso lse\curso-lse\workspace_lpc845\03_light_control\component\pwm" -I"C:\Users\facum\Documents\curso lse\curso-lse\workspace_lpc845\03_light_control\component\timer" -I"C:\Users\facum\Documents\curso lse\curso-lse\workspace_lpc845\03_light_control\board" -I"C:\Users\facum\Documents\curso lse\curso-lse\workspace_lpc845\03_light_control\source" -O0 -fno-common -g3 -gdwarf-4 -Wall -c -ffunction-sections -fdata-sections -fno-builtin -fmerge-constants -fmacro-prefix-map="../component/uart/"= -mcpu=cortex-m0plus -mthumb -D__REDLIB__ -fstack-usage -specs=redlib.specs -MMD -MP -MF"component/uart/fsl_adapter_miniusart.d" -MT"component/uart/fsl_adapter_miniusart.o" -MT"component/uart/fsl_adapter_miniusart.d" -o "component/uart/fsl_adapter_miniusart.o" "../component/uart/fsl_adapter_miniusart.c"
Finished building: ../drivers/fsl_swm.c
 
Building file: ../component/timer/fsl_adapter_ctimer.c
Finished building: ../device/system_LPC845.c
 
Invoking: MCU C Compiler
arm-none-eabi-gcc -DCPU_LPC845M301JBD48 -DCPU_LPC845M301JBD48_cm0plus -DSDK_OS_BAREMETAL -DSDK_DEBUGCONSOLE=1 -DCR_INTEGER_PRINTF -DPRINTF_FLOAT_ENABLE=0 -D__MCUXPRESSO -D__USE_CMSIS -DDEBUG -D__REDLIB__ -DTIMER_PORT_TYPE_CTIMER=1 -I"C:\Users\facum\Documents\curso lse\curso-lse\workspace_lpc845\03_light_control\component\uart" -I"C:\Users\facum\Documents\curso lse\curso-lse\workspace_lpc845\03_light_control\drivers" -I"C:\Users\facum\Documents\curso lse\curso-lse\workspace_lpc845\03_light_control\CMSIS" -I"C:\Users\facum\Documents\curso lse\curso-lse\workspace_lpc845\03_light_control\device" -I"C:\Users\facum\Documents\curso lse\curso-lse\workspace_lpc845\03_light_control\utilities" -I"C:\Users\facum\Documents\curso lse\curso-lse\workspace_lpc845\03_light_control\component\pwm" -I"C:\Users\facum\Documents\curso lse\curso-lse\workspace_lpc845\03_light_control\component\timer" -I"C:\Users\facum\Documents\curso lse\curso-lse\workspace_lpc845\03_light_control\board" -I"C:\Users\facum\Documents\curso lse\curso-lse\workspace_lpc845\03_light_control\source" -O0 -fno-common -g3 -gdwarf-4 -Wall -c -ffunction-sections -fdata-sections -fno-builtin -fmerge-constants -fmacro-prefix-map="../component/timer/"= -mcpu=cortex-m0plus -mthumb -D__REDLIB__ -fstack-usage -specs=redlib.specs -MMD -MP -MF"component/timer/fsl_adapter_ctimer.d" -MT"component/timer/fsl_adapter_ctimer.o" -MT"component/timer/fsl_adapter_ctimer.d" -o "component/timer/fsl_adapter_ctimer.o" "../component/timer/fsl_adapter_ctimer.c"
Building file: ../component/pwm/fsl_adapter_pwm_ctimer.c
Invoking: MCU C Compiler
arm-none-eabi-gcc -DCPU_LPC845M301JBD48 -DCPU_LPC845M301JBD48_cm0plus -DSDK_OS_BAREMETAL -DSDK_DEBUGCONSOLE=1 -DCR_INTEGER_PRINTF -DPRINTF_FLOAT_ENABLE=0 -D__MCUXPRESSO -D__USE_CMSIS -DDEBUG -D__REDLIB__ -DTIMER_PORT_TYPE_CTIMER=1 -I"C:\Users\facum\Documents\curso lse\curso-lse\workspace_lpc845\03_light_control\component\uart" -I"C:\Users\facum\Documents\curso lse\curso-lse\workspace_lpc845\03_light_control\drivers" -I"C:\Users\facum\Documents\curso lse\curso-lse\workspace_lpc845\03_light_control\CMSIS" -I"C:\Users\facum\Documents\curso lse\curso-lse\workspace_lpc845\03_light_control\device" -I"C:\Users\facum\Documents\curso lse\curso-lse\workspace_lpc845\03_light_control\utilities" -I"C:\Users\facum\Documents\curso lse\curso-lse\workspace_lpc845\03_light_control\component\pwm" -I"C:\Users\facum\Documents\curso lse\curso-lse\workspace_lpc845\03_light_control\component\timer" -I"C:\Users\facum\Documents\curso lse\curso-lse\workspace_lpc845\03_light_control\board" -I"C:\Users\facum\Documents\curso lse\curso-lse\workspace_lpc845\03_light_control\source" -O0 -fno-common -g3 -gdwarf-4 -Wall -c -ffunction-sections -fdata-sections -fno-builtin -fmerge-constants -fmacro-prefix-map="../component/pwm/"= -mcpu=cortex-m0plus -mthumb -D__REDLIB__ -fstack-usage -specs=redlib.specs -MMD -MP -MF"component/pwm/fsl_adapter_pwm_ctimer.d" -MT"component/pwm/fsl_adapter_pwm_ctimer.o" -MT"component/pwm/fsl_adapter_pwm_ctimer.d" -o "component/pwm/fsl_adapter_pwm_ctimer.o" "../component/pwm/fsl_adapter_pwm_ctimer.c"
Finished building: ../drivers/fsl_usart.c
 
Building file: ../board/board.c
Invoking: MCU C Compiler
arm-none-eabi-gcc -DCPU_LPC845M301JBD48 -DCPU_LPC845M301JBD48_cm0plus -DSDK_OS_BAREMETAL -DSDK_DEBUGCONSOLE=1 -DCR_INTEGER_PRINTF -DPRINTF_FLOAT_ENABLE=0 -D__MCUXPRESSO -D__USE_CMSIS -DDEBUG -D__REDLIB__ -DTIMER_PORT_TYPE_CTIMER=1 -I"C:\Users\facum\Documents\curso lse\curso-lse\workspace_lpc845\03_light_control\component\uart" -I"C:\Users\facum\Documents\curso lse\curso-lse\workspace_lpc845\03_light_control\drivers" -I"C:\Users\facum\Documents\curso lse\curso-lse\workspace_lpc845\03_light_control\CMSIS" -I"C:\Users\facum\Documents\curso lse\curso-lse\workspace_lpc845\03_light_control\device" -I"C:\Users\facum\Documents\curso lse\curso-lse\workspace_lpc845\03_light_control\utilities" -I"C:\Users\facum\Documents\curso lse\curso-lse\workspace_lpc845\03_light_control\component\pwm" -I"C:\Users\facum\Documents\curso lse\curso-lse\workspace_lpc845\03_light_control\component\timer" -I"C:\Users\facum\Documents\curso lse\curso-lse\workspace_lpc845\03_light_control\board" -I"C:\Users\facum\Documents\curso lse\curso-lse\workspace_lpc845\03_light_control\source" -O0 -fno-common -g3 -gdwarf-4 -Wall -c -ffunction-sections -fdata-sections -fno-builtin -fmerge-constants -fmacro-prefix-map="../board/"= -mcpu=cortex-m0plus -mthumb -D__REDLIB__ -fstack-usage -specs=redlib.specs -MMD -MP -MF"board/board.d" -MT"board/board.o" -MT"board/board.d" -o "board/board.o" "../board/board.c"
Finished building: ../component/uart/fsl_adapter_miniusart.c
 
Building file: ../board/clock_config.c
Finished building: ../component/pwm/fsl_adapter_pwm_ctimer.c
Finished building: ../component/timer/fsl_adapter_ctimer.c
Invoking: MCU C Compiler
arm-none-eabi-gcc -DCPU_LPC845M301JBD48 -DCPU_LPC845M301JBD48_cm0plus -DSDK_OS_BAREMETAL -DSDK_DEBUGCONSOLE=1 -DCR_INTEGER_PRINTF -DPRINTF_FLOAT_ENABLE=0 -D__MCUXPRESSO -D__USE_CMSIS -DDEBUG -D__REDLIB__ -DTIMER_PORT_TYPE_CTIMER=1 -I"C:\Users\facum\Documents\curso lse\curso-lse\workspace_lpc845\03_light_control\component\uart" -I"C:\Users\facum\Documents\curso lse\curso-lse\workspace_lpc845\03_light_control\drivers" -I"C:\Users\facum\Documents\curso lse\curso-lse\workspace_lpc845\03_light_control\CMSIS" -I"C:\Users\facum\Documents\curso lse\curso-lse\workspace_lpc845\03_light_control\device" -I"C:\Users\facum\Documents\curso lse\curso-lse\workspace_lpc845\03_light_control\utilities" -I"C:\Users\facum\Documents\curso lse\curso-lse\workspace_lpc845\03_light_control\component\pwm" -I"C:\Users\facum\Documents\curso lse\curso-lse\workspace_lpc845\03_light_control\component\timer" -I"C:\Users\facum\Documents\curso lse\curso-lse\workspace_lpc845\03_light_control\board" -I"C:\Users\facum\Documents\curso lse\curso-lse\workspace_lpc845\03_light_control\source" -O0 -fno-common -g3 -gdwarf-4 -Wall -c -ffunction-sections -fdata-sections -fno-builtin -fmerge-constants -fmacro-prefix-map="../board/"= -mcpu=cortex-m0plus -mthumb -D__REDLIB__ -fstack-usage -specs=redlib.specs -MMD -MP -MF"board/clock_config.d" -MT"board/clock_config.o" -MT"board/clock_config.d" -o "board/clock_config.o" "../board/clock_config.c"
 
 
Building file: ../board/peripherals.c
Building file: ../board/pin_mux.c
Invoking: MCU C Compiler
arm-none-eabi-gcc -DCPU_LPC845M301JBD48 -DCPU_LPC845M301JBD48_cm0plus -DSDK_OS_BAREMETAL -DSDK_DEBUGCONSOLE=1 -DCR_INTEGER_PRINTF -DPRINTF_FLOAT_ENABLE=0 -D__MCUXPRESSO -D__USE_CMSIS -DDEBUG -D__REDLIB__ -DTIMER_PORT_TYPE_CTIMER=1 -I"C:\Users\facum\Documents\curso lse\curso-lse\workspace_lpc845\03_light_control\component\uart" -I"C:\Users\facum\Documents\curso lse\curso-lse\workspace_lpc845\03_light_control\drivers" -I"C:\Users\facum\Documents\curso lse\curso-lse\workspace_lpc845\03_light_control\CMSIS" -I"C:\Users\facum\Documents\curso lse\curso-lse\workspace_lpc845\03_light_control\device" -I"C:\Users\facum\Documents\curso lse\curso-lse\workspace_lpc845\03_light_control\utilities" -I"C:\Users\facum\Documents\curso lse\curso-lse\workspace_lpc845\03_light_control\component\pwm" -I"C:\Users\facum\Documents\curso lse\curso-lse\workspace_lpc845\03_light_control\component\timer" -I"C:\Users\facum\Documents\curso lse\curso-lse\workspace_lpc845\03_light_control\board" -I"C:\Users\facum\Documents\curso lse\curso-lse\workspace_lpc845\03_light_control\source" -O0 -fno-common -g3 -gdwarf-4 -Wall -c -ffunction-sections -fdata-sections -fno-builtin -fmerge-constants -fmacro-prefix-map="../board/"= -mcpu=cortex-m0plus -mthumb -D__REDLIB__ -fstack-usage -specs=redlib.specs -MMD -MP -MF"board/peripherals.d" -MT"board/peripherals.o" -MT"board/peripherals.d" -o "board/peripherals.o" "../board/peripherals.c"
Invoking: MCU C Compiler
arm-none-eabi-gcc -DCPU_LPC845M301JBD48 -DCPU_LPC845M301JBD48_cm0plus -DSDK_OS_BAREMETAL -DSDK_DEBUGCONSOLE=1 -DCR_INTEGER_PRINTF -DPRINTF_FLOAT_ENABLE=0 -D__MCUXPRESSO -D__USE_CMSIS -DDEBUG -D__REDLIB__ -DTIMER_PORT_TYPE_CTIMER=1 -I"C:\Users\facum\Documents\curso lse\curso-lse\workspace_lpc845\03_light_control\component\uart" -I"C:\Users\facum\Documents\curso lse\curso-lse\workspace_lpc845\03_light_control\drivers" -I"C:\Users\facum\Documents\curso lse\curso-lse\workspace_lpc845\03_light_control\CMSIS" -I"C:\Users\facum\Documents\curso lse\curso-lse\workspace_lpc845\03_light_control\device" -I"C:\Users\facum\Documents\curso lse\curso-lse\workspace_lpc845\03_light_control\utilities" -I"C:\Users\facum\Documents\curso lse\curso-lse\workspace_lpc845\03_light_control\component\pwm" -I"C:\Users\facum\Documents\curso lse\curso-lse\workspace_lpc845\03_light_control\component\timer" -I"C:\Users\facum\Documents\curso lse\curso-lse\workspace_lpc845\03_light_control\board" -I"C:\Users\facum\Documents\curso lse\curso-lse\workspace_lpc845\03_light_control\source" -O0 -fno-common -g3 -gdwarf-4 -Wall -c -ffunction-sections -fdata-sections -fno-builtin -fmerge-constants -fmacro-prefix-map="../board/"= -mcpu=cortex-m0plus -mthumb -D__REDLIB__ -fstack-usage -specs=redlib.specs -MMD -MP -MF"board/pin_mux.d" -MT"board/pin_mux.o" -MT"board/pin_mux.d" -o "board/pin_mux.o" "../board/pin_mux.c"
Finished building: ../board/board.c
 
Finished building: ../board/peripherals.c
 
Finished building: ../board/clock_config.c
 
Finished building: ../board/pin_mux.c
 
Building target: 03_light_control.axf
Invoking: MCU Linker
arm-none-eabi-gcc -nostdlib -Xlinker -Map="03_light_control.map" -Xlinker --gc-sections -Xlinker -print-memory-usage -Xlinker --sort-section=alignment -Xlinker --cref -mcpu=cortex-m0plus -mthumb -T 03_light_control_Debug.ld -o "03_light_control.axf" ./utilities/fsl_assert.o ./utilities/fsl_debug_console.o ./utilities/fsl_str.o  ./startup/startup_lpc845.o  ./source/03_light_control.o ./source/mtb.o ./source/semihost_hardfault.o  ./drivers/fsl_clock.o ./drivers/fsl_common.o ./drivers/fsl_common_arm.o ./drivers/fsl_ctimer.o ./drivers/fsl_gpio.o ./drivers/fsl_i2c.o ./drivers/fsl_power.o ./drivers/fsl_reset.o ./drivers/fsl_sctimer.o ./drivers/fsl_swm.o ./drivers/fsl_usart.o  ./device/system_LPC845.o  ./component/uart/fsl_adapter_miniusart.o  ./component/timer/fsl_adapter_ctimer.o  ./component/pwm/fsl_adapter_pwm_ctimer.o  ./board/board.o ./board/clock_config.o ./board/peripherals.o ./board/pin_mux.o   
Memory region         Used Size  Region Size  %age Used
   PROGRAM_FLASH:       15904 B        64 KB     24.27%
            SRAM:        2484 B      16352 B     15.19%
        IAP_SRAM:          0 GB         32 B      0.00%
Finished building target: 03_light_control.axf
 
Performing post-build steps
arm-none-eabi-size "03_light_control.axf"; # arm-none-eabi-objcopy -v -O binary "03_light_control.axf" "03_light_control.bin" ; # checksum -p LPC845 -d "03_light_control.bin";
   text	   data	    bss	    dec	    hex	filename
  15900	      4	   2480	  18384	   47d0	03_light_control.axf
 
10:54:34 **** Incremental Build of configuration Debug for project 03_light_control ****
make -r -j4 all 
make[1]: Nothing to be done for 'main-build'.
Performing post-build steps
arm-none-eabi-size "03_light_control.axf"; # arm-none-eabi-objcopy -v -O binary "03_light_control.axf" "03_light_control.bin" ; # checksum -p LPC845 -d "03_light_control.bin";
   text	   data	    bss	    dec	    hex	filename
  15900	      4	   2480	  18384	   47d0	03_light_control.axf
 
10:54:54 **** Incremental Build of configuration Debug for project 03_light_control ****
make -r -j4 all 
make[1]: Nothing to be done for 'main-build'.
Performing post-build steps
arm-none-eabi-size "03_light_control.axf"; # arm-none-eabi-objcopy -v -O binary "03_light_control.axf" "03_light_control.bin" ; # checksum -p LPC845 -d "03_light_control.bin";
   text	   data	    bss	    dec	    hex	filename
  15900	      4	   2480	  18384	   47d0	03_light_control.axf
 
08:41:03 **** Build of configuration Debug for project 03_light_control ****
make -r -j4 all 
Building file: ../utilities/fsl_assert.c
Building file: ../utilities/fsl_debug_console.c
Building file: ../utilities/fsl_str.c
Invoking: MCU C Compiler
Building file: ../startup/startup_lpc845.c
Invoking: MCU C Compiler
arm-none-eabi-gcc -DCPU_LPC845M301JBD48 -DCPU_LPC845M301JBD48_cm0plus -DSDK_OS_BAREMETAL -DSDK_DEBUGCONSOLE=1 -DCR_INTEGER_PRINTF -DPRINTF_FLOAT_ENABLE=0 -D__MCUXPRESSO -D__USE_CMSIS -DDEBUG -D__REDLIB__ -DTIMER_PORT_TYPE_CTIMER=1 -I"C:\Users\facum\Documents\curso lse\curso-lse 2\workspace_lpc845\03_light_control\component\uart" -I"C:\Users\facum\Documents\curso lse\curso-lse 2\workspace_lpc845\03_light_control\drivers" -I"C:\Users\facum\Documents\curso lse\curso-lse 2\workspace_lpc845\03_light_control\CMSIS" -I"C:\Users\facum\Documents\curso lse\curso-lse 2\workspace_lpc845\03_light_control\device" -I"C:\Users\facum\Documents\curso lse\curso-lse 2\workspace_lpc845\03_light_control\utilities" -I"C:\Users\facum\Documents\curso lse\curso-lse 2\workspace_lpc845\03_light_control\component\pwm" -I"C:\Users\facum\Documents\curso lse\curso-lse 2\workspace_lpc845\03_light_control\component\timer" -I"C:\Users\facum\Documents\curso lse\curso-lse 2\workspace_lpc845\03_light_control\board" -I"C:\Users\facum\Documents\curso lse\curso-lse 2\workspace_lpc845\03_light_control\source" -O0 -fno-common -g3 -gdwarf-4 -Wall -c -ffunction-sections -fdata-sections -fno-builtin -fmerge-constants -fmacro-prefix-map="../utilities/"= -mcpu=cortex-m0plus -mthumb -D__REDLIB__ -fstack-usage -specs=redlib.specs -MMD -MP -MF"utilities/fsl_assert.d" -MT"utilities/fsl_assert.o" -MT"utilities/fsl_assert.d" -o "utilities/fsl_assert.o" "../utilities/fsl_assert.c"
Invoking: MCU C Compiler
arm-none-eabi-gcc -DCPU_LPC845M301JBD48 -DCPU_LPC845M301JBD48_cm0plus -DSDK_OS_BAREMETAL -DSDK_DEBUGCONSOLE=1 -DCR_INTEGER_PRINTF -DPRINTF_FLOAT_ENABLE=0 -D__MCUXPRESSO -D__USE_CMSIS -DDEBUG -D__REDLIB__ -DTIMER_PORT_TYPE_CTIMER=1 -I"C:\Users\facum\Documents\curso lse\curso-lse 2\workspace_lpc845\03_light_control\component\uart" -I"C:\Users\facum\Documents\curso lse\curso-lse 2\workspace_lpc845\03_light_control\drivers" -I"C:\Users\facum\Documents\curso lse\curso-lse 2\workspace_lpc845\03_light_control\CMSIS" -I"C:\Users\facum\Documents\curso lse\curso-lse 2\workspace_lpc845\03_light_control\device" -I"C:\Users\facum\Documents\curso lse\curso-lse 2\workspace_lpc845\03_light_control\utilities" -I"C:\Users\facum\Documents\curso lse\curso-lse 2\workspace_lpc845\03_light_control\component\pwm" -I"C:\Users\facum\Documents\curso lse\curso-lse 2\workspace_lpc845\03_light_control\component\timer" -I"C:\Users\facum\Documents\curso lse\curso-lse 2\workspace_lpc845\03_light_control\board" -I"C:\Users\facum\Documents\curso lse\curso-lse 2\workspace_lpc845\03_light_control\source" -O0 -fno-common -g3 -gdwarf-4 -Wall -c -ffunction-sections -fdata-sections -fno-builtin -fmerge-constants -fmacro-prefix-map="../utilities/"= -mcpu=cortex-m0plus -mthumb -D__REDLIB__ -fstack-usage -specs=redlib.specs -MMD -MP -MF"utilities/fsl_debug_console.d" -MT"utilities/fsl_debug_console.o" -MT"utilities/fsl_debug_console.d" -o "utilities/fsl_debug_console.o" "../utilities/fsl_debug_console.c"
Invoking: MCU C Compiler
arm-none-eabi-gcc -DCPU_LPC845M301JBD48 -DCPU_LPC845M301JBD48_cm0plus -DSDK_OS_BAREMETAL -DSDK_DEBUGCONSOLE=1 -DCR_INTEGER_PRINTF -DPRINTF_FLOAT_ENABLE=0 -D__MCUXPRESSO -D__USE_CMSIS -DDEBUG -D__REDLIB__ -DTIMER_PORT_TYPE_CTIMER=1 -I"C:\Users\facum\Documents\curso lse\curso-lse 2\workspace_lpc845\03_light_control\component\uart" -I"C:\Users\facum\Documents\curso lse\curso-lse 2\workspace_lpc845\03_light_control\drivers" -I"C:\Users\facum\Documents\curso lse\curso-lse 2\workspace_lpc845\03_light_control\CMSIS" -I"C:\Users\facum\Documents\curso lse\curso-lse 2\workspace_lpc845\03_light_control\device" -I"C:\Users\facum\Documents\curso lse\curso-lse 2\workspace_lpc845\03_light_control\utilities" -I"C:\Users\facum\Documents\curso lse\curso-lse 2\workspace_lpc845\03_light_control\component\pwm" -I"C:\Users\facum\Documents\curso lse\curso-lse 2\workspace_lpc845\03_light_control\component\timer" -I"C:\Users\facum\Documents\curso lse\curso-lse 2\workspace_lpc845\03_light_control\board" -I"C:\Users\facum\Documents\curso lse\curso-lse 2\workspace_lpc845\03_light_control\source" -O0 -fno-common -g3 -gdwarf-4 -Wall -c -ffunction-sections -fdata-sections -fno-builtin -fmerge-constants -fmacro-prefix-map="../utilities/"= -mcpu=cortex-m0plus -mthumb -D__REDLIB__ -fstack-usage -specs=redlib.specs -MMD -MP -MF"utilities/fsl_str.d" -MT"utilities/fsl_str.o" -MT"utilities/fsl_str.d" -o "utilities/fsl_str.o" "../utilities/fsl_str.c"
arm-none-eabi-gcc -DCPU_LPC845M301JBD48 -DCPU_LPC845M301JBD48_cm0plus -DSDK_OS_BAREMETAL -DSDK_DEBUGCONSOLE=1 -DCR_INTEGER_PRINTF -DPRINTF_FLOAT_ENABLE=0 -D__MCUXPRESSO -D__USE_CMSIS -DDEBUG -D__REDLIB__ -DTIMER_PORT_TYPE_CTIMER=1 -I"C:\Users\facum\Documents\curso lse\curso-lse 2\workspace_lpc845\03_light_control\component\uart" -I"C:\Users\facum\Documents\curso lse\curso-lse 2\workspace_lpc845\03_light_control\drivers" -I"C:\Users\facum\Documents\curso lse\curso-lse 2\workspace_lpc845\03_light_control\CMSIS" -I"C:\Users\facum\Documents\curso lse\curso-lse 2\workspace_lpc845\03_light_control\device" -I"C:\Users\facum\Documents\curso lse\curso-lse 2\workspace_lpc845\03_light_control\utilities" -I"C:\Users\facum\Documents\curso lse\curso-lse 2\workspace_lpc845\03_light_control\component\pwm" -I"C:\Users\facum\Documents\curso lse\curso-lse 2\workspace_lpc845\03_light_control\component\timer" -I"C:\Users\facum\Documents\curso lse\curso-lse 2\workspace_lpc845\03_light_control\board" -I"C:\Users\facum\Documents\curso lse\curso-lse 2\workspace_lpc845\03_light_control\source" -O0 -fno-common -g3 -gdwarf-4 -Wall -c -ffunction-sections -fdata-sections -fno-builtin -fmerge-constants -fmacro-prefix-map="../startup/"= -mcpu=cortex-m0plus -mthumb -D__REDLIB__ -fstack-usage -specs=redlib.specs -MMD -MP -MF"startup/startup_lpc845.d" -MT"startup/startup_lpc845.o" -MT"startup/startup_lpc845.d" -o "startup/startup_lpc845.o" "../startup/startup_lpc845.c"
Finished building: ../startup/startup_lpc845.c
Finished building: ../utilities/fsl_assert.c
Finished building: ../utilities/fsl_debug_console.c
Finished building: ../utilities/fsl_str.c
 
 
 
 
Building file: ../source/03_light_control.c
Building file: ../source/mtb.c
Building file: ../source/semihost_hardfault.c
Building file: ../drivers/fsl_clock.c
Invoking: MCU C Compiler
arm-none-eabi-gcc -DCPU_LPC845M301JBD48 -DCPU_LPC845M301JBD48_cm0plus -DSDK_OS_BAREMETAL -DSDK_DEBUGCONSOLE=1 -DCR_INTEGER_PRINTF -DPRINTF_FLOAT_ENABLE=0 -D__MCUXPRESSO -D__USE_CMSIS -DDEBUG -D__REDLIB__ -DTIMER_PORT_TYPE_CTIMER=1 -I"C:\Users\facum\Documents\curso lse\curso-lse 2\workspace_lpc845\03_light_control\component\uart" -I"C:\Users\facum\Documents\curso lse\curso-lse 2\workspace_lpc845\03_light_control\drivers" -I"C:\Users\facum\Documents\curso lse\curso-lse 2\workspace_lpc845\03_light_control\CMSIS" -I"C:\Users\facum\Documents\curso lse\curso-lse 2\workspace_lpc845\03_light_control\device" -I"C:\Users\facum\Documents\curso lse\curso-lse 2\workspace_lpc845\03_light_control\utilities" -I"C:\Users\facum\Documents\curso lse\curso-lse 2\workspace_lpc845\03_light_control\component\pwm" -I"C:\Users\facum\Documents\curso lse\curso-lse 2\workspace_lpc845\03_light_control\component\timer" -I"C:\Users\facum\Documents\curso lse\curso-lse 2\workspace_lpc845\03_light_control\board" -I"C:\Users\facum\Documents\curso lse\curso-lse 2\workspace_lpc845\03_light_control\source" -O0 -fno-common -g3 -gdwarf-4 -Wall -c -ffunction-sections -fdata-sections -fno-builtin -fmerge-constants -fmacro-prefix-map="../source/"= -mcpu=cortex-m0plus -mthumb -D__REDLIB__ -fstack-usage -specs=redlib.specs -MMD -MP -MF"source/03_light_control.d" -MT"source/03_light_control.o" -MT"source/03_light_control.d" -o "source/03_light_control.o" "../source/03_light_control.c"
Invoking: MCU C Compiler
Invoking: MCU C Compiler
Invoking: MCU C Compiler
arm-none-eabi-gcc -DCPU_LPC845M301JBD48 -DCPU_LPC845M301JBD48_cm0plus -DSDK_OS_BAREMETAL -DSDK_DEBUGCONSOLE=1 -DCR_INTEGER_PRINTF -DPRINTF_FLOAT_ENABLE=0 -D__MCUXPRESSO -D__USE_CMSIS -DDEBUG -D__REDLIB__ -DTIMER_PORT_TYPE_CTIMER=1 -I"C:\Users\facum\Documents\curso lse\curso-lse 2\workspace_lpc845\03_light_control\component\uart" -I"C:\Users\facum\Documents\curso lse\curso-lse 2\workspace_lpc845\03_light_control\drivers" -I"C:\Users\facum\Documents\curso lse\curso-lse 2\workspace_lpc845\03_light_control\CMSIS" -I"C:\Users\facum\Documents\curso lse\curso-lse 2\workspace_lpc845\03_light_control\device" -I"C:\Users\facum\Documents\curso lse\curso-lse 2\workspace_lpc845\03_light_control\utilities" -I"C:\Users\facum\Documents\curso lse\curso-lse 2\workspace_lpc845\03_light_control\component\pwm" -I"C:\Users\facum\Documents\curso lse\curso-lse 2\workspace_lpc845\03_light_control\component\timer" -I"C:\Users\facum\Documents\curso lse\curso-lse 2\workspace_lpc845\03_light_control\board" -I"C:\Users\facum\Documents\curso lse\curso-lse 2\workspace_lpc845\03_light_control\source" -O0 -fno-common -g3 -gdwarf-4 -Wall -c -ffunction-sections -fdata-sections -fno-builtin -fmerge-constants -fmacro-prefix-map="../source/"= -mcpu=cortex-m0plus -mthumb -D__REDLIB__ -fstack-usage -specs=redlib.specs -MMD -MP -MF"source/mtb.d" -MT"source/mtb.o" -MT"source/mtb.d" -o "source/mtb.o" "../source/mtb.c"
arm-none-eabi-gcc -DCPU_LPC845M301JBD48 -DCPU_LPC845M301JBD48_cm0plus -DSDK_OS_BAREMETAL -DSDK_DEBUGCONSOLE=1 -DCR_INTEGER_PRINTF -DPRINTF_FLOAT_ENABLE=0 -D__MCUXPRESSO -D__USE_CMSIS -DDEBUG -D__REDLIB__ -DTIMER_PORT_TYPE_CTIMER=1 -I"C:\Users\facum\Documents\curso lse\curso-lse 2\workspace_lpc845\03_light_control\component\uart" -I"C:\Users\facum\Documents\curso lse\curso-lse 2\workspace_lpc845\03_light_control\drivers" -I"C:\Users\facum\Documents\curso lse\curso-lse 2\workspace_lpc845\03_light_control\CMSIS" -I"C:\Users\facum\Documents\curso lse\curso-lse 2\workspace_lpc845\03_light_control\device" -I"C:\Users\facum\Documents\curso lse\curso-lse 2\workspace_lpc845\03_light_control\utilities" -I"C:\Users\facum\Documents\curso lse\curso-lse 2\workspace_lpc845\03_light_control\component\pwm" -I"C:\Users\facum\Documents\curso lse\curso-lse 2\workspace_lpc845\03_light_control\component\timer" -I"C:\Users\facum\Documents\curso lse\curso-lse 2\workspace_lpc845\03_light_control\board" -I"C:\Users\facum\Documents\curso lse\curso-lse 2\workspace_lpc845\03_light_control\source" -O0 -fno-common -g3 -gdwarf-4 -Wall -c -ffunction-sections -fdata-sections -fno-builtin -fmerge-constants -fmacro-prefix-map="../source/"= -mcpu=cortex-m0plus -mthumb -D__REDLIB__ -fstack-usage -specs=redlib.specs -MMD -MP -MF"source/semihost_hardfault.d" -MT"source/semihost_hardfault.o" -MT"source/semihost_hardfault.d" -o "source/semihost_hardfault.o" "../source/semihost_hardfault.c"
arm-none-eabi-gcc -DCPU_LPC845M301JBD48 -DCPU_LPC845M301JBD48_cm0plus -DSDK_OS_BAREMETAL -DSDK_DEBUGCONSOLE=1 -DCR_INTEGER_PRINTF -DPRINTF_FLOAT_ENABLE=0 -D__MCUXPRESSO -D__USE_CMSIS -DDEBUG -D__REDLIB__ -DTIMER_PORT_TYPE_CTIMER=1 -I"C:\Users\facum\Documents\curso lse\curso-lse 2\workspace_lpc845\03_light_control\component\uart" -I"C:\Users\facum\Documents\curso lse\curso-lse 2\workspace_lpc845\03_light_control\drivers" -I"C:\Users\facum\Documents\curso lse\curso-lse 2\workspace_lpc845\03_light_control\CMSIS" -I"C:\Users\facum\Documents\curso lse\curso-lse 2\workspace_lpc845\03_light_control\device" -I"C:\Users\facum\Documents\curso lse\curso-lse 2\workspace_lpc845\03_light_control\utilities" -I"C:\Users\facum\Documents\curso lse\curso-lse 2\workspace_lpc845\03_light_control\component\pwm" -I"C:\Users\facum\Documents\curso lse\curso-lse 2\workspace_lpc845\03_light_control\component\timer" -I"C:\Users\facum\Documents\curso lse\curso-lse 2\workspace_lpc845\03_light_control\board" -I"C:\Users\facum\Documents\curso lse\curso-lse 2\workspace_lpc845\03_light_control\source" -O0 -fno-common -g3 -gdwarf-4 -Wall -c -ffunction-sections -fdata-sections -fno-builtin -fmerge-constants -fmacro-prefix-map="../drivers/"= -mcpu=cortex-m0plus -mthumb -D__REDLIB__ -fstack-usage -specs=redlib.specs -MMD -MP -MF"drivers/fsl_clock.d" -MT"drivers/fsl_clock.o" -MT"drivers/fsl_clock.d" -o "drivers/fsl_clock.o" "../drivers/fsl_clock.c"
Finished building: ../source/semihost_hardfault.c
Finished building: ../source/mtb.c
 
 
Building file: ../drivers/fsl_common.c
Invoking: MCU C Compiler
arm-none-eabi-gcc -DCPU_LPC845M301JBD48 -DCPU_LPC845M301JBD48_cm0plus -DSDK_OS_BAREMETAL -DSDK_DEBUGCONSOLE=1 -DCR_INTEGER_PRINTF -DPRINTF_FLOAT_ENABLE=0 -D__MCUXPRESSO -D__USE_CMSIS -DDEBUG -D__REDLIB__ -DTIMER_PORT_TYPE_CTIMER=1 -I"C:\Users\facum\Documents\curso lse\curso-lse 2\workspace_lpc845\03_light_control\component\uart" -I"C:\Users\facum\Documents\curso lse\curso-lse 2\workspace_lpc845\03_light_control\drivers" -I"C:\Users\facum\Documents\curso lse\curso-lse 2\workspace_lpc845\03_light_control\CMSIS" -I"C:\Users\facum\Documents\curso lse\curso-lse 2\workspace_lpc845\03_light_control\device" -I"C:\Users\facum\Documents\curso lse\curso-lse 2\workspace_lpc845\03_light_control\utilities" -I"C:\Users\facum\Documents\curso lse\curso-lse 2\workspace_lpc845\03_light_control\component\pwm" -I"C:\Users\facum\Documents\curso lse\curso-lse 2\workspace_lpc845\03_light_control\component\timer" -I"C:\Users\facum\Documents\curso lse\curso-lse 2\workspace_lpc845\03_light_control\board" -I"C:\Users\facum\Documents\curso lse\curso-lse 2\workspace_lpc845\03_light_control\source" -O0 -fno-common -g3 -gdwarf-4 -Wall -c -ffunction-sections -fdata-sections -fno-builtin -fmerge-constants -fmacro-prefix-map="../drivers/"= -mcpu=cortex-m0plus -mthumb -D__REDLIB__ -fstack-usage -specs=redlib.specs -MMD -MP -MF"drivers/fsl_common.d" -MT"drivers/fsl_common.o" -MT"drivers/fsl_common.d" -o "drivers/fsl_common.o" "../drivers/fsl_common.c"
Building file: ../drivers/fsl_common_arm.c
Invoking: MCU C Compiler
arm-none-eabi-gcc -DCPU_LPC845M301JBD48 -DCPU_LPC845M301JBD48_cm0plus -DSDK_OS_BAREMETAL -DSDK_DEBUGCONSOLE=1 -DCR_INTEGER_PRINTF -DPRINTF_FLOAT_ENABLE=0 -D__MCUXPRESSO -D__USE_CMSIS -DDEBUG -D__REDLIB__ -DTIMER_PORT_TYPE_CTIMER=1 -I"C:\Users\facum\Documents\curso lse\curso-lse 2\workspace_lpc845\03_light_control\component\uart" -I"C:\Users\facum\Documents\curso lse\curso-lse 2\workspace_lpc845\03_light_control\drivers" -I"C:\Users\facum\Documents\curso lse\curso-lse 2\workspace_lpc845\03_light_control\CMSIS" -I"C:\Users\facum\Documents\curso lse\curso-lse 2\workspace_lpc845\03_light_control\device" -I"C:\Users\facum\Documents\curso lse\curso-lse 2\workspace_lpc845\03_light_control\utilities" -I"C:\Users\facum\Documents\curso lse\curso-lse 2\workspace_lpc845\03_light_control\component\pwm" -I"C:\Users\facum\Documents\curso lse\curso-lse 2\workspace_lpc845\03_light_control\component\timer" -I"C:\Users\facum\Documents\curso lse\curso-lse 2\workspace_lpc845\03_light_control\board" -I"C:\Users\facum\Documents\curso lse\curso-lse 2\workspace_lpc845\03_light_control\source" -O0 -fno-common -g3 -gdwarf-4 -Wall -c -ffunction-sections -fdata-sections -fno-builtin -fmerge-constants -fmacro-prefix-map="../drivers/"= -mcpu=cortex-m0plus -mthumb -D__REDLIB__ -fstack-usage -specs=redlib.specs -MMD -MP -MF"drivers/fsl_common_arm.d" -MT"drivers/fsl_common_arm.o" -MT"drivers/fsl_common_arm.d" -o "drivers/fsl_common_arm.o" "../drivers/fsl_common_arm.c"
Finished building: ../drivers/fsl_clock.c
 
Building file: ../drivers/fsl_ctimer.c
Invoking: MCU C Compiler
arm-none-eabi-gcc -DCPU_LPC845M301JBD48 -DCPU_LPC845M301JBD48_cm0plus -DSDK_OS_BAREMETAL -DSDK_DEBUGCONSOLE=1 -DCR_INTEGER_PRINTF -DPRINTF_FLOAT_ENABLE=0 -D__MCUXPRESSO -D__USE_CMSIS -DDEBUG -D__REDLIB__ -DTIMER_PORT_TYPE_CTIMER=1 -I"C:\Users\facum\Documents\curso lse\curso-lse 2\workspace_lpc845\03_light_control\component\uart" -I"C:\Users\facum\Documents\curso lse\curso-lse 2\workspace_lpc845\03_light_control\drivers" -I"C:\Users\facum\Documents\curso lse\curso-lse 2\workspace_lpc845\03_light_control\CMSIS" -I"C:\Users\facum\Documents\curso lse\curso-lse 2\workspace_lpc845\03_light_control\device" -I"C:\Users\facum\Documents\curso lse\curso-lse 2\workspace_lpc845\03_light_control\utilities" -I"C:\Users\facum\Documents\curso lse\curso-lse 2\workspace_lpc845\03_light_control\component\pwm" -I"C:\Users\facum\Documents\curso lse\curso-lse 2\workspace_lpc845\03_light_control\component\timer" -I"C:\Users\facum\Documents\curso lse\curso-lse 2\workspace_lpc845\03_light_control\board" -I"C:\Users\facum\Documents\curso lse\curso-lse 2\workspace_lpc845\03_light_control\source" -O0 -fno-common -g3 -gdwarf-4 -Wall -c -ffunction-sections -fdata-sections -fno-builtin -fmerge-constants -fmacro-prefix-map="../drivers/"= -mcpu=cortex-m0plus -mthumb -D__REDLIB__ -fstack-usage -specs=redlib.specs -MMD -MP -MF"drivers/fsl_ctimer.d" -MT"drivers/fsl_ctimer.o" -MT"drivers/fsl_ctimer.d" -o "drivers/fsl_ctimer.o" "../drivers/fsl_ctimer.c"
Finished building: ../source/03_light_control.c
 
Building file: ../drivers/fsl_gpio.c
Invoking: MCU C Compiler
arm-none-eabi-gcc -DCPU_LPC845M301JBD48 -DCPU_LPC845M301JBD48_cm0plus -DSDK_OS_BAREMETAL -DSDK_DEBUGCONSOLE=1 -DCR_INTEGER_PRINTF -DPRINTF_FLOAT_ENABLE=0 -D__MCUXPRESSO -D__USE_CMSIS -DDEBUG -D__REDLIB__ -DTIMER_PORT_TYPE_CTIMER=1 -I"C:\Users\facum\Documents\curso lse\curso-lse 2\workspace_lpc845\03_light_control\component\uart" -I"C:\Users\facum\Documents\curso lse\curso-lse 2\workspace_lpc845\03_light_control\drivers" -I"C:\Users\facum\Documents\curso lse\curso-lse 2\workspace_lpc845\03_light_control\CMSIS" -I"C:\Users\facum\Documents\curso lse\curso-lse 2\workspace_lpc845\03_light_control\device" -I"C:\Users\facum\Documents\curso lse\curso-lse 2\workspace_lpc845\03_light_control\utilities" -I"C:\Users\facum\Documents\curso lse\curso-lse 2\workspace_lpc845\03_light_control\component\pwm" -I"C:\Users\facum\Documents\curso lse\curso-lse 2\workspace_lpc845\03_light_control\component\timer" -I"C:\Users\facum\Documents\curso lse\curso-lse 2\workspace_lpc845\03_light_control\board" -I"C:\Users\facum\Documents\curso lse\curso-lse 2\workspace_lpc845\03_light_control\source" -O0 -fno-common -g3 -gdwarf-4 -Wall -c -ffunction-sections -fdata-sections -fno-builtin -fmerge-constants -fmacro-prefix-map="../drivers/"= -mcpu=cortex-m0plus -mthumb -D__REDLIB__ -fstack-usage -specs=redlib.specs -MMD -MP -MF"drivers/fsl_gpio.d" -MT"drivers/fsl_gpio.o" -MT"drivers/fsl_gpio.d" -o "drivers/fsl_gpio.o" "../drivers/fsl_gpio.c"
Finished building: ../drivers/fsl_common.c
 
Building file: ../drivers/fsl_i2c.c
Finished building: ../drivers/fsl_common_arm.c
Invoking: MCU C Compiler
arm-none-eabi-gcc -DCPU_LPC845M301JBD48 -DCPU_LPC845M301JBD48_cm0plus -DSDK_OS_BAREMETAL -DSDK_DEBUGCONSOLE=1 -DCR_INTEGER_PRINTF -DPRINTF_FLOAT_ENABLE=0 -D__MCUXPRESSO -D__USE_CMSIS -DDEBUG -D__REDLIB__ -DTIMER_PORT_TYPE_CTIMER=1 -I"C:\Users\facum\Documents\curso lse\curso-lse 2\workspace_lpc845\03_light_control\component\uart" -I"C:\Users\facum\Documents\curso lse\curso-lse 2\workspace_lpc845\03_light_control\drivers" -I"C:\Users\facum\Documents\curso lse\curso-lse 2\workspace_lpc845\03_light_control\CMSIS" -I"C:\Users\facum\Documents\curso lse\curso-lse 2\workspace_lpc845\03_light_control\device" -I"C:\Users\facum\Documents\curso lse\curso-lse 2\workspace_lpc845\03_light_control\utilities" -I"C:\Users\facum\Documents\curso lse\curso-lse 2\workspace_lpc845\03_light_control\component\pwm" -I"C:\Users\facum\Documents\curso lse\curso-lse 2\workspace_lpc845\03_light_control\component\timer" -I"C:\Users\facum\Documents\curso lse\curso-lse 2\workspace_lpc845\03_light_control\board" -I"C:\Users\facum\Documents\curso lse\curso-lse 2\workspace_lpc845\03_light_control\source" -O0 -fno-common -g3 -gdwarf-4 -Wall -c -ffunction-sections -fdata-sections -fno-builtin -fmerge-constants -fmacro-prefix-map="../drivers/"= -mcpu=cortex-m0plus -mthumb -D__REDLIB__ -fstack-usage -specs=redlib.specs -MMD -MP -MF"drivers/fsl_i2c.d" -MT"drivers/fsl_i2c.o" -MT"drivers/fsl_i2c.d" -o "drivers/fsl_i2c.o" "../drivers/fsl_i2c.c"
 
Building file: ../drivers/fsl_power.c
Invoking: MCU C Compiler
arm-none-eabi-gcc -DCPU_LPC845M301JBD48 -DCPU_LPC845M301JBD48_cm0plus -DSDK_OS_BAREMETAL -DSDK_DEBUGCONSOLE=1 -DCR_INTEGER_PRINTF -DPRINTF_FLOAT_ENABLE=0 -D__MCUXPRESSO -D__USE_CMSIS -DDEBUG -D__REDLIB__ -DTIMER_PORT_TYPE_CTIMER=1 -I"C:\Users\facum\Documents\curso lse\curso-lse 2\workspace_lpc845\03_light_control\component\uart" -I"C:\Users\facum\Documents\curso lse\curso-lse 2\workspace_lpc845\03_light_control\drivers" -I"C:\Users\facum\Documents\curso lse\curso-lse 2\workspace_lpc845\03_light_control\CMSIS" -I"C:\Users\facum\Documents\curso lse\curso-lse 2\workspace_lpc845\03_light_control\device" -I"C:\Users\facum\Documents\curso lse\curso-lse 2\workspace_lpc845\03_light_control\utilities" -I"C:\Users\facum\Documents\curso lse\curso-lse 2\workspace_lpc845\03_light_control\component\pwm" -I"C:\Users\facum\Documents\curso lse\curso-lse 2\workspace_lpc845\03_light_control\component\timer" -I"C:\Users\facum\Documents\curso lse\curso-lse 2\workspace_lpc845\03_light_control\board" -I"C:\Users\facum\Documents\curso lse\curso-lse 2\workspace_lpc845\03_light_control\source" -O0 -fno-common -g3 -gdwarf-4 -Wall -c -ffunction-sections -fdata-sections -fno-builtin -fmerge-constants -fmacro-prefix-map="../drivers/"= -mcpu=cortex-m0plus -mthumb -D__REDLIB__ -fstack-usage -specs=redlib.specs -MMD -MP -MF"drivers/fsl_power.d" -MT"drivers/fsl_power.o" -MT"drivers/fsl_power.d" -o "drivers/fsl_power.o" "../drivers/fsl_power.c"
Finished building: ../drivers/fsl_ctimer.c
Finished building: ../drivers/fsl_gpio.c
 
 
Building file: ../drivers/fsl_reset.c
Building file: ../drivers/fsl_sctimer.c
Invoking: MCU C Compiler
arm-none-eabi-gcc -DCPU_LPC845M301JBD48 -DCPU_LPC845M301JBD48_cm0plus -DSDK_OS_BAREMETAL -DSDK_DEBUGCONSOLE=1 -DCR_INTEGER_PRINTF -DPRINTF_FLOAT_ENABLE=0 -D__MCUXPRESSO -D__USE_CMSIS -DDEBUG -D__REDLIB__ -DTIMER_PORT_TYPE_CTIMER=1 -I"C:\Users\facum\Documents\curso lse\curso-lse 2\workspace_lpc845\03_light_control\component\uart" -I"C:\Users\facum\Documents\curso lse\curso-lse 2\workspace_lpc845\03_light_control\drivers" -I"C:\Users\facum\Documents\curso lse\curso-lse 2\workspace_lpc845\03_light_control\CMSIS" -I"C:\Users\facum\Documents\curso lse\curso-lse 2\workspace_lpc845\03_light_control\device" -I"C:\Users\facum\Documents\curso lse\curso-lse 2\workspace_lpc845\03_light_control\utilities" -I"C:\Users\facum\Documents\curso lse\curso-lse 2\workspace_lpc845\03_light_control\component\pwm" -I"C:\Users\facum\Documents\curso lse\curso-lse 2\workspace_lpc845\03_light_control\component\timer" -I"C:\Users\facum\Documents\curso lse\curso-lse 2\workspace_lpc845\03_light_control\board" -I"C:\Users\facum\Documents\curso lse\curso-lse 2\workspace_lpc845\03_light_control\source" -O0 -fno-common -g3 -gdwarf-4 -Wall -c -ffunction-sections -fdata-sections -fno-builtin -fmerge-constants -fmacro-prefix-map="../drivers/"= -mcpu=cortex-m0plus -mthumb -D__REDLIB__ -fstack-usage -specs=redlib.specs -MMD -MP -MF"drivers/fsl_reset.d" -MT"drivers/fsl_reset.o" -MT"drivers/fsl_reset.d" -o "drivers/fsl_reset.o" "../drivers/fsl_reset.c"
Invoking: MCU C Compiler
arm-none-eabi-gcc -DCPU_LPC845M301JBD48 -DCPU_LPC845M301JBD48_cm0plus -DSDK_OS_BAREMETAL -DSDK_DEBUGCONSOLE=1 -DCR_INTEGER_PRINTF -DPRINTF_FLOAT_ENABLE=0 -D__MCUXPRESSO -D__USE_CMSIS -DDEBUG -D__REDLIB__ -DTIMER_PORT_TYPE_CTIMER=1 -I"C:\Users\facum\Documents\curso lse\curso-lse 2\workspace_lpc845\03_light_control\component\uart" -I"C:\Users\facum\Documents\curso lse\curso-lse 2\workspace_lpc845\03_light_control\drivers" -I"C:\Users\facum\Documents\curso lse\curso-lse 2\workspace_lpc845\03_light_control\CMSIS" -I"C:\Users\facum\Documents\curso lse\curso-lse 2\workspace_lpc845\03_light_control\device" -I"C:\Users\facum\Documents\curso lse\curso-lse 2\workspace_lpc845\03_light_control\utilities" -I"C:\Users\facum\Documents\curso lse\curso-lse 2\workspace_lpc845\03_light_control\component\pwm" -I"C:\Users\facum\Documents\curso lse\curso-lse 2\workspace_lpc845\03_light_control\component\timer" -I"C:\Users\facum\Documents\curso lse\curso-lse 2\workspace_lpc845\03_light_control\board" -I"C:\Users\facum\Documents\curso lse\curso-lse 2\workspace_lpc845\03_light_control\source" -O0 -fno-common -g3 -gdwarf-4 -Wall -c -ffunction-sections -fdata-sections -fno-builtin -fmerge-constants -fmacro-prefix-map="../drivers/"= -mcpu=cortex-m0plus -mthumb -D__REDLIB__ -fstack-usage -specs=redlib.specs -MMD -MP -MF"drivers/fsl_sctimer.d" -MT"drivers/fsl_sctimer.o" -MT"drivers/fsl_sctimer.d" -o "drivers/fsl_sctimer.o" "../drivers/fsl_sctimer.c"
Finished building: ../drivers/fsl_i2c.c
Finished building: ../drivers/fsl_power.c
 
 
Building file: ../drivers/fsl_swm.c
Building file: ../drivers/fsl_usart.c
Invoking: MCU C Compiler
arm-none-eabi-gcc -DCPU_LPC845M301JBD48 -DCPU_LPC845M301JBD48_cm0plus -DSDK_OS_BAREMETAL -DSDK_DEBUGCONSOLE=1 -DCR_INTEGER_PRINTF -DPRINTF_FLOAT_ENABLE=0 -D__MCUXPRESSO -D__USE_CMSIS -DDEBUG -D__REDLIB__ -DTIMER_PORT_TYPE_CTIMER=1 -I"C:\Users\facum\Documents\curso lse\curso-lse 2\workspace_lpc845\03_light_control\component\uart" -I"C:\Users\facum\Documents\curso lse\curso-lse 2\workspace_lpc845\03_light_control\drivers" -I"C:\Users\facum\Documents\curso lse\curso-lse 2\workspace_lpc845\03_light_control\CMSIS" -I"C:\Users\facum\Documents\curso lse\curso-lse 2\workspace_lpc845\03_light_control\device" -I"C:\Users\facum\Documents\curso lse\curso-lse 2\workspace_lpc845\03_light_control\utilities" -I"C:\Users\facum\Documents\curso lse\curso-lse 2\workspace_lpc845\03_light_control\component\pwm" -I"C:\Users\facum\Documents\curso lse\curso-lse 2\workspace_lpc845\03_light_control\component\timer" -I"C:\Users\facum\Documents\curso lse\curso-lse 2\workspace_lpc845\03_light_control\board" -I"C:\Users\facum\Documents\curso lse\curso-lse 2\workspace_lpc845\03_light_control\source" -O0 -fno-common -g3 -gdwarf-4 -Wall -c -ffunction-sections -fdata-sections -fno-builtin -fmerge-constants -fmacro-prefix-map="../drivers/"= -mcpu=cortex-m0plus -mthumb -D__REDLIB__ -fstack-usage -specs=redlib.specs -MMD -MP -MF"drivers/fsl_swm.d" -MT"drivers/fsl_swm.o" -MT"drivers/fsl_swm.d" -o "drivers/fsl_swm.o" "../drivers/fsl_swm.c"
Invoking: MCU C Compiler
arm-none-eabi-gcc -DCPU_LPC845M301JBD48 -DCPU_LPC845M301JBD48_cm0plus -DSDK_OS_BAREMETAL -DSDK_DEBUGCONSOLE=1 -DCR_INTEGER_PRINTF -DPRINTF_FLOAT_ENABLE=0 -D__MCUXPRESSO -D__USE_CMSIS -DDEBUG -D__REDLIB__ -DTIMER_PORT_TYPE_CTIMER=1 -I"C:\Users\facum\Documents\curso lse\curso-lse 2\workspace_lpc845\03_light_control\component\uart" -I"C:\Users\facum\Documents\curso lse\curso-lse 2\workspace_lpc845\03_light_control\drivers" -I"C:\Users\facum\Documents\curso lse\curso-lse 2\workspace_lpc845\03_light_control\CMSIS" -I"C:\Users\facum\Documents\curso lse\curso-lse 2\workspace_lpc845\03_light_control\device" -I"C:\Users\facum\Documents\curso lse\curso-lse 2\workspace_lpc845\03_light_control\utilities" -I"C:\Users\facum\Documents\curso lse\curso-lse 2\workspace_lpc845\03_light_control\component\pwm" -I"C:\Users\facum\Documents\curso lse\curso-lse 2\workspace_lpc845\03_light_control\component\timer" -I"C:\Users\facum\Documents\curso lse\curso-lse 2\workspace_lpc845\03_light_control\board" -I"C:\Users\facum\Documents\curso lse\curso-lse 2\workspace_lpc845\03_light_control\source" -O0 -fno-common -g3 -gdwarf-4 -Wall -c -ffunction-sections -fdata-sections -fno-builtin -fmerge-constants -fmacro-prefix-map="../drivers/"= -mcpu=cortex-m0plus -mthumb -D__REDLIB__ -fstack-usage -specs=redlib.specs -MMD -MP -MF"drivers/fsl_usart.d" -MT"drivers/fsl_usart.o" -MT"drivers/fsl_usart.d" -o "drivers/fsl_usart.o" "../drivers/fsl_usart.c"
Finished building: ../drivers/fsl_reset.c
 
Building file: ../device/system_LPC845.c
Invoking: MCU C Compiler
Finished building: ../drivers/fsl_sctimer.c
arm-none-eabi-gcc -DCPU_LPC845M301JBD48 -DCPU_LPC845M301JBD48_cm0plus -DSDK_OS_BAREMETAL -DSDK_DEBUGCONSOLE=1 -DCR_INTEGER_PRINTF -DPRINTF_FLOAT_ENABLE=0 -D__MCUXPRESSO -D__USE_CMSIS -DDEBUG -D__REDLIB__ -DTIMER_PORT_TYPE_CTIMER=1 -I"C:\Users\facum\Documents\curso lse\curso-lse 2\workspace_lpc845\03_light_control\component\uart" -I"C:\Users\facum\Documents\curso lse\curso-lse 2\workspace_lpc845\03_light_control\drivers" -I"C:\Users\facum\Documents\curso lse\curso-lse 2\workspace_lpc845\03_light_control\CMSIS" -I"C:\Users\facum\Documents\curso lse\curso-lse 2\workspace_lpc845\03_light_control\device" -I"C:\Users\facum\Documents\curso lse\curso-lse 2\workspace_lpc845\03_light_control\utilities" -I"C:\Users\facum\Documents\curso lse\curso-lse 2\workspace_lpc845\03_light_control\component\pwm" -I"C:\Users\facum\Documents\curso lse\curso-lse 2\workspace_lpc845\03_light_control\component\timer" -I"C:\Users\facum\Documents\curso lse\curso-lse 2\workspace_lpc845\03_light_control\board" -I"C:\Users\facum\Documents\curso lse\curso-lse 2\workspace_lpc845\03_light_control\source" -O0 -fno-common -g3 -gdwarf-4 -Wall -c -ffunction-sections -fdata-sections -fno-builtin -fmerge-constants -fmacro-prefix-map="../device/"= -mcpu=cortex-m0plus -mthumb -D__REDLIB__ -fstack-usage -specs=redlib.specs -MMD -MP -MF"device/system_LPC845.d" -MT"device/system_LPC845.o" -MT"device/system_LPC845.d" -o "device/system_LPC845.o" "../device/system_LPC845.c"
 
Finished building: ../drivers/fsl_swm.c
Building file: ../component/uart/fsl_adapter_miniusart.c
 
Invoking: MCU C Compiler
arm-none-eabi-gcc -DCPU_LPC845M301JBD48 -DCPU_LPC845M301JBD48_cm0plus -DSDK_OS_BAREMETAL -DSDK_DEBUGCONSOLE=1 -DCR_INTEGER_PRINTF -DPRINTF_FLOAT_ENABLE=0 -D__MCUXPRESSO -D__USE_CMSIS -DDEBUG -D__REDLIB__ -DTIMER_PORT_TYPE_CTIMER=1 -I"C:\Users\facum\Documents\curso lse\curso-lse 2\workspace_lpc845\03_light_control\component\uart" -I"C:\Users\facum\Documents\curso lse\curso-lse 2\workspace_lpc845\03_light_control\drivers" -I"C:\Users\facum\Documents\curso lse\curso-lse 2\workspace_lpc845\03_light_control\CMSIS" -I"C:\Users\facum\Documents\curso lse\curso-lse 2\workspace_lpc845\03_light_control\device" -I"C:\Users\facum\Documents\curso lse\curso-lse 2\workspace_lpc845\03_light_control\utilities" -I"C:\Users\facum\Documents\curso lse\curso-lse 2\workspace_lpc845\03_light_control\component\pwm" -I"C:\Users\facum\Documents\curso lse\curso-lse 2\workspace_lpc845\03_light_control\component\timer" -I"C:\Users\facum\Documents\curso lse\curso-lse 2\workspace_lpc845\03_light_control\board" -I"C:\Users\facum\Documents\curso lse\curso-lse 2\workspace_lpc845\03_light_control\source" -O0 -fno-common -g3 -gdwarf-4 -Wall -c -ffunction-sections -fdata-sections -fno-builtin -fmerge-constants -fmacro-prefix-map="../component/uart/"= -mcpu=cortex-m0plus -mthumb -D__REDLIB__ -fstack-usage -specs=redlib.specs -MMD -MP -MF"component/uart/fsl_adapter_miniusart.d" -MT"component/uart/fsl_adapter_miniusart.o" -MT"component/uart/fsl_adapter_miniusart.d" -o "component/uart/fsl_adapter_miniusart.o" "../component/uart/fsl_adapter_miniusart.c"
Building file: ../component/timer/fsl_adapter_ctimer.c
Invoking: MCU C Compiler
arm-none-eabi-gcc -DCPU_LPC845M301JBD48 -DCPU_LPC845M301JBD48_cm0plus -DSDK_OS_BAREMETAL -DSDK_DEBUGCONSOLE=1 -DCR_INTEGER_PRINTF -DPRINTF_FLOAT_ENABLE=0 -D__MCUXPRESSO -D__USE_CMSIS -DDEBUG -D__REDLIB__ -DTIMER_PORT_TYPE_CTIMER=1 -I"C:\Users\facum\Documents\curso lse\curso-lse 2\workspace_lpc845\03_light_control\component\uart" -I"C:\Users\facum\Documents\curso lse\curso-lse 2\workspace_lpc845\03_light_control\drivers" -I"C:\Users\facum\Documents\curso lse\curso-lse 2\workspace_lpc845\03_light_control\CMSIS" -I"C:\Users\facum\Documents\curso lse\curso-lse 2\workspace_lpc845\03_light_control\device" -I"C:\Users\facum\Documents\curso lse\curso-lse 2\workspace_lpc845\03_light_control\utilities" -I"C:\Users\facum\Documents\curso lse\curso-lse 2\workspace_lpc845\03_light_control\component\pwm" -I"C:\Users\facum\Documents\curso lse\curso-lse 2\workspace_lpc845\03_light_control\component\timer" -I"C:\Users\facum\Documents\curso lse\curso-lse 2\workspace_lpc845\03_light_control\board" -I"C:\Users\facum\Documents\curso lse\curso-lse 2\workspace_lpc845\03_light_control\source" -O0 -fno-common -g3 -gdwarf-4 -Wall -c -ffunction-sections -fdata-sections -fno-builtin -fmerge-constants -fmacro-prefix-map="../component/timer/"= -mcpu=cortex-m0plus -mthumb -D__REDLIB__ -fstack-usage -specs=redlib.specs -MMD -MP -MF"component/timer/fsl_adapter_ctimer.d" -MT"component/timer/fsl_adapter_ctimer.o" -MT"component/timer/fsl_adapter_ctimer.d" -o "component/timer/fsl_adapter_ctimer.o" "../component/timer/fsl_adapter_ctimer.c"
Finished building: ../drivers/fsl_usart.c
 
Building file: ../component/pwm/fsl_adapter_pwm_ctimer.c
Finished building: ../device/system_LPC845.c
Invoking: MCU C Compiler
arm-none-eabi-gcc -DCPU_LPC845M301JBD48 -DCPU_LPC845M301JBD48_cm0plus -DSDK_OS_BAREMETAL -DSDK_DEBUGCONSOLE=1 -DCR_INTEGER_PRINTF -DPRINTF_FLOAT_ENABLE=0 -D__MCUXPRESSO -D__USE_CMSIS -DDEBUG -D__REDLIB__ -DTIMER_PORT_TYPE_CTIMER=1 -I"C:\Users\facum\Documents\curso lse\curso-lse 2\workspace_lpc845\03_light_control\component\uart" -I"C:\Users\facum\Documents\curso lse\curso-lse 2\workspace_lpc845\03_light_control\drivers" -I"C:\Users\facum\Documents\curso lse\curso-lse 2\workspace_lpc845\03_light_control\CMSIS" -I"C:\Users\facum\Documents\curso lse\curso-lse 2\workspace_lpc845\03_light_control\device" -I"C:\Users\facum\Documents\curso lse\curso-lse 2\workspace_lpc845\03_light_control\utilities" -I"C:\Users\facum\Documents\curso lse\curso-lse 2\workspace_lpc845\03_light_control\component\pwm" -I"C:\Users\facum\Documents\curso lse\curso-lse 2\workspace_lpc845\03_light_control\component\timer" -I"C:\Users\facum\Documents\curso lse\curso-lse 2\workspace_lpc845\03_light_control\board" -I"C:\Users\facum\Documents\curso lse\curso-lse 2\workspace_lpc845\03_light_control\source" -O0 -fno-common -g3 -gdwarf-4 -Wall -c -ffunction-sections -fdata-sections -fno-builtin -fmerge-constants -fmacro-prefix-map="../component/pwm/"= -mcpu=cortex-m0plus -mthumb -D__REDLIB__ -fstack-usage -specs=redlib.specs -MMD -MP -MF"component/pwm/fsl_adapter_pwm_ctimer.d" -MT"component/pwm/fsl_adapter_pwm_ctimer.o" -MT"component/pwm/fsl_adapter_pwm_ctimer.d" -o "component/pwm/fsl_adapter_pwm_ctimer.o" "../component/pwm/fsl_adapter_pwm_ctimer.c"
 
Building file: ../board/board.c
Finished building: ../component/uart/fsl_adapter_miniusart.c
Invoking: MCU C Compiler
arm-none-eabi-gcc -DCPU_LPC845M301JBD48 -DCPU_LPC845M301JBD48_cm0plus -DSDK_OS_BAREMETAL -DSDK_DEBUGCONSOLE=1 -DCR_INTEGER_PRINTF -DPRINTF_FLOAT_ENABLE=0 -D__MCUXPRESSO -D__USE_CMSIS -DDEBUG -D__REDLIB__ -DTIMER_PORT_TYPE_CTIMER=1 -I"C:\Users\facum\Documents\curso lse\curso-lse 2\workspace_lpc845\03_light_control\component\uart" -I"C:\Users\facum\Documents\curso lse\curso-lse 2\workspace_lpc845\03_light_control\drivers" -I"C:\Users\facum\Documents\curso lse\curso-lse 2\workspace_lpc845\03_light_control\CMSIS" -I"C:\Users\facum\Documents\curso lse\curso-lse 2\workspace_lpc845\03_light_control\device" -I"C:\Users\facum\Documents\curso lse\curso-lse 2\workspace_lpc845\03_light_control\utilities" -I"C:\Users\facum\Documents\curso lse\curso-lse 2\workspace_lpc845\03_light_control\component\pwm" -I"C:\Users\facum\Documents\curso lse\curso-lse 2\workspace_lpc845\03_light_control\component\timer" -I"C:\Users\facum\Documents\curso lse\curso-lse 2\workspace_lpc845\03_light_control\board" -I"C:\Users\facum\Documents\curso lse\curso-lse 2\workspace_lpc845\03_light_control\source" -O0 -fno-common -g3 -gdwarf-4 -Wall -c -ffunction-sections -fdata-sections -fno-builtin -fmerge-constants -fmacro-prefix-map="../board/"= -mcpu=cortex-m0plus -mthumb -D__REDLIB__ -fstack-usage -specs=redlib.specs -MMD -MP -MF"board/board.d" -MT"board/board.o" -MT"board/board.d" -o "board/board.o" "../board/board.c"
 
Building file: ../board/clock_config.c
Invoking: MCU C Compiler
[...]
Finished building: ../source/mtb.c
Finished building: ../source/semihost_hardfault.c
 
 
Building file: ../drivers/fsl_common.c
Building file: ../drivers/fsl_common_arm.c
Invoking: MCU C Compiler
Invoking: MCU C Compiler
arm-none-eabi-gcc -DCPU_LPC845M301JBD64 -DCPU_LPC845M301JBD64_cm0plus -DSDK_OS_BAREMETAL -DSDK_DEBUGCONSOLE=1 -DCR_INTEGER_PRINTF -DPRINTF_FLOAT_ENABLE=0 -D__MCUXPRESSO -D__USE_CMSIS -DDEBUG -D__REDLIB__ -I"C:\Users\facum\Documents\curso lse\curso-lse 2\workspace_lpc845\LPC845_Project\board" -I"C:\Users\facum\Documents\curso lse\curso-lse 2\workspace_lpc845\LPC845_Project\source" -I"C:\Users\facum\Documents\curso lse\curso-lse 2\workspace_lpc845\LPC845_Project\component\uart" -I"C:\Users\facum\Documents\curso lse\curso-lse 2\workspace_lpc845\LPC845_Project\drivers" -I"C:\Users\facum\Documents\curso lse\curso-lse 2\workspace_lpc845\LPC845_Project\CMSIS" -I"C:\Users\facum\Documents\curso lse\curso-lse 2\workspace_lpc845\LPC845_Project\device" -I"C:\Users\facum\Documents\curso lse\curso-lse 2\workspace_lpc845\LPC845_Project\utilities" -O0 -fno-common -g3 -gdwarf-4 -Wall -c -ffunction-sections -fdata-sections -fno-builtin -fmerge-constants -fmacro-prefix-map="../drivers/"= -mcpu=cortex-m0plus -mthumb -D__REDLIB__ -fstack-usage -specs=redlib.specs -MMD -MP -MF"drivers/fsl_common.d" -MT"drivers/fsl_common.o" -MT"drivers/fsl_common.d" -o "drivers/fsl_common.o" "../drivers/fsl_common.c"
arm-none-eabi-gcc -DCPU_LPC845M301JBD64 -DCPU_LPC845M301JBD64_cm0plus -DSDK_OS_BAREMETAL -DSDK_DEBUGCONSOLE=1 -DCR_INTEGER_PRINTF -DPRINTF_FLOAT_ENABLE=0 -D__MCUXPRESSO -D__USE_CMSIS -DDEBUG -D__REDLIB__ -I"C:\Users\facum\Documents\curso lse\curso-lse 2\workspace_lpc845\LPC845_Project\board" -I"C:\Users\facum\Documents\curso lse\curso-lse 2\workspace_lpc845\LPC845_Project\source" -I"C:\Users\facum\Documents\curso lse\curso-lse 2\workspace_lpc845\LPC845_Project\component\uart" -I"C:\Users\facum\Documents\curso lse\curso-lse 2\workspace_lpc845\LPC845_Project\drivers" -I"C:\Users\facum\Documents\curso lse\curso-lse 2\workspace_lpc845\LPC845_Project\CMSIS" -I"C:\Users\facum\Documents\curso lse\curso-lse 2\workspace_lpc845\LPC845_Project\device" -I"C:\Users\facum\Documents\curso lse\curso-lse 2\workspace_lpc845\LPC845_Project\utilities" -O0 -fno-common -g3 -gdwarf-4 -Wall -c -ffunction-sections -fdata-sections -fno-builtin -fmerge-constants -fmacro-prefix-map="../drivers/"= -mcpu=cortex-m0plus -mthumb -D__REDLIB__ -fstack-usage -specs=redlib.specs -MMD -MP -MF"drivers/fsl_common_arm.d" -MT"drivers/fsl_common_arm.o" -MT"drivers/fsl_common_arm.d" -o "drivers/fsl_common_arm.o" "../drivers/fsl_common_arm.c"
Finished building: ../source/LPC845_Project.c
 
Building file: ../drivers/fsl_gpio.c
Finished building: ../drivers/fsl_clock.c
Invoking: MCU C Compiler
arm-none-eabi-gcc -DCPU_LPC845M301JBD64 -DCPU_LPC845M301JBD64_cm0plus -DSDK_OS_BAREMETAL -DSDK_DEBUGCONSOLE=1 -DCR_INTEGER_PRINTF -DPRINTF_FLOAT_ENABLE=0 -D__MCUXPRESSO -D__USE_CMSIS -DDEBUG -D__REDLIB__ -I"C:\Users\facum\Documents\curso lse\curso-lse 2\workspace_lpc845\LPC845_Project\board" -I"C:\Users\facum\Documents\curso lse\curso-lse 2\workspace_lpc845\LPC845_Project\source" -I"C:\Users\facum\Documents\curso lse\curso-lse 2\workspace_lpc845\LPC845_Project\component\uart" -I"C:\Users\facum\Documents\curso lse\curso-lse 2\workspace_lpc845\LPC845_Project\drivers" -I"C:\Users\facum\Documents\curso lse\curso-lse 2\workspace_lpc845\LPC845_Project\CMSIS" -I"C:\Users\facum\Documents\curso lse\curso-lse 2\workspace_lpc845\LPC845_Project\device" -I"C:\Users\facum\Documents\curso lse\curso-lse 2\workspace_lpc845\LPC845_Project\utilities" -O0 -fno-common -g3 -gdwarf-4 -Wall -c -ffunction-sections -fdata-sections -fno-builtin -fmerge-constants -fmacro-prefix-map="../drivers/"= -mcpu=cortex-m0plus -mthumb -D__REDLIB__ -fstack-usage -specs=redlib.specs -MMD -MP -MF"drivers/fsl_gpio.d" -MT"drivers/fsl_gpio.o" -MT"drivers/fsl_gpio.d" -o "drivers/fsl_gpio.o" "../drivers/fsl_gpio.c"
 
Building file: ../drivers/fsl_power.c
Invoking: MCU C Compiler
arm-none-eabi-gcc -DCPU_LPC845M301JBD64 -DCPU_LPC845M301JBD64_cm0plus -DSDK_OS_BAREMETAL -DSDK_DEBUGCONSOLE=1 -DCR_INTEGER_PRINTF -DPRINTF_FLOAT_ENABLE=0 -D__MCUXPRESSO -D__USE_CMSIS -DDEBUG -D__REDLIB__ -I"C:\Users\facum\Documents\curso lse\curso-lse 2\workspace_lpc845\LPC845_Project\board" -I"C:\Users\facum\Documents\curso lse\curso-lse 2\workspace_lpc845\LPC845_Project\source" -I"C:\Users\facum\Documents\curso lse\curso-lse 2\workspace_lpc845\LPC845_Project\component\uart" -I"C:\Users\facum\Documents\curso lse\curso-lse 2\workspace_lpc845\LPC845_Project\drivers" -I"C:\Users\facum\Documents\curso lse\curso-lse 2\workspace_lpc845\LPC845_Project\CMSIS" -I"C:\Users\facum\Documents\curso lse\curso-lse 2\workspace_lpc845\LPC845_Project\device" -I"C:\Users\facum\Documents\curso lse\curso-lse 2\workspace_lpc845\LPC845_Project\utilities" -O0 -fno-common -g3 -gdwarf-4 -Wall -c -ffunction-sections -fdata-sections -fno-builtin -fmerge-constants -fmacro-prefix-map="../drivers/"= -mcpu=cortex-m0plus -mthumb -D__REDLIB__ -fstack-usage -specs=redlib.specs -MMD -MP -MF"drivers/fsl_power.d" -MT"drivers/fsl_power.o" -MT"drivers/fsl_power.d" -o "drivers/fsl_power.o" "../drivers/fsl_power.c"
Finished building: ../drivers/fsl_common_arm.c
Finished building: ../drivers/fsl_common.c
 
 
Building file: ../drivers/fsl_reset.c
Building file: ../drivers/fsl_swm.c
Invoking: MCU C Compiler
arm-none-eabi-gcc -DCPU_LPC845M301JBD64 -DCPU_LPC845M301JBD64_cm0plus -DSDK_OS_BAREMETAL -DSDK_DEBUGCONSOLE=1 -DCR_INTEGER_PRINTF -DPRINTF_FLOAT_ENABLE=0 -D__MCUXPRESSO -D__USE_CMSIS -DDEBUG -D__REDLIB__ -I"C:\Users\facum\Documents\curso lse\curso-lse 2\workspace_lpc845\LPC845_Project\board" -I"C:\Users\facum\Documents\curso lse\curso-lse 2\workspace_lpc845\LPC845_Project\source" -I"C:\Users\facum\Documents\curso lse\curso-lse 2\workspace_lpc845\LPC845_Project\component\uart" -I"C:\Users\facum\Documents\curso lse\curso-lse 2\workspace_lpc845\LPC845_Project\drivers" -I"C:\Users\facum\Documents\curso lse\curso-lse 2\workspace_lpc845\LPC845_Project\CMSIS" -I"C:\Users\facum\Documents\curso lse\curso-lse 2\workspace_lpc845\LPC845_Project\device" -I"C:\Users\facum\Documents\curso lse\curso-lse 2\workspace_lpc845\LPC845_Project\utilities" -O0 -fno-common -g3 -gdwarf-4 -Wall -c -ffunction-sections -fdata-sections -fno-builtin -fmerge-constants -fmacro-prefix-map="../drivers/"= -mcpu=cortex-m0plus -mthumb -D__REDLIB__ -fstack-usage -specs=redlib.specs -MMD -MP -MF"drivers/fsl_reset.d" -MT"drivers/fsl_reset.o" -MT"drivers/fsl_reset.d" -o "drivers/fsl_reset.o" "../drivers/fsl_reset.c"
Invoking: MCU C Compiler
arm-none-eabi-gcc -DCPU_LPC845M301JBD64 -DCPU_LPC845M301JBD64_cm0plus -DSDK_OS_BAREMETAL -DSDK_DEBUGCONSOLE=1 -DCR_INTEGER_PRINTF -DPRINTF_FLOAT_ENABLE=0 -D__MCUXPRESSO -D__USE_CMSIS -DDEBUG -D__REDLIB__ -I"C:\Users\facum\Documents\curso lse\curso-lse 2\workspace_lpc845\LPC845_Project\board" -I"C:\Users\facum\Documents\curso lse\curso-lse 2\workspace_lpc845\LPC845_Project\source" -I"C:\Users\facum\Documents\curso lse\curso-lse 2\workspace_lpc845\LPC845_Project\component\uart" -I"C:\Users\facum\Documents\curso lse\curso-lse 2\workspace_lpc845\LPC845_Project\drivers" -I"C:\Users\facum\Documents\curso lse\curso-lse 2\workspace_lpc845\LPC845_Project\CMSIS" -I"C:\Users\facum\Documents\curso lse\curso-lse 2\workspace_lpc845\LPC845_Project\device" -I"C:\Users\facum\Documents\curso lse\curso-lse 2\workspace_lpc845\LPC845_Project\utilities" -O0 -fno-common -g3 -gdwarf-4 -Wall -c -ffunction-sections -fdata-sections -fno-builtin -fmerge-constants -fmacro-prefix-map="../drivers/"= -mcpu=cortex-m0plus -mthumb -D__REDLIB__ -fstack-usage -specs=redlib.specs -MMD -MP -MF"drivers/fsl_swm.d" -MT"drivers/fsl_swm.o" -MT"drivers/fsl_swm.d" -o "drivers/fsl_swm.o" "../drivers/fsl_swm.c"
Finished building: ../drivers/fsl_gpio.c
 
Building file: ../drivers/fsl_usart.c
Finished building: ../drivers/fsl_power.c
 
Invoking: MCU C Compiler
arm-none-eabi-gcc -DCPU_LPC845M301JBD64 -DCPU_LPC845M301JBD64_cm0plus -DSDK_OS_BAREMETAL -DSDK_DEBUGCONSOLE=1 -DCR_INTEGER_PRINTF -DPRINTF_FLOAT_ENABLE=0 -D__MCUXPRESSO -D__USE_CMSIS -DDEBUG -D__REDLIB__ -I"C:\Users\facum\Documents\curso lse\curso-lse 2\workspace_lpc845\LPC845_Project\board" -I"C:\Users\facum\Documents\curso lse\curso-lse 2\workspace_lpc845\LPC845_Project\source" -I"C:\Users\facum\Documents\curso lse\curso-lse 2\workspace_lpc845\LPC845_Project\component\uart" -I"C:\Users\facum\Documents\curso lse\curso-lse 2\workspace_lpc845\LPC845_Project\drivers" -I"C:\Users\facum\Documents\curso lse\curso-lse 2\workspace_lpc845\LPC845_Project\CMSIS" -I"C:\Users\facum\Documents\curso lse\curso-lse 2\workspace_lpc845\LPC845_Project\device" -I"C:\Users\facum\Documents\curso lse\curso-lse 2\workspace_lpc845\LPC845_Project\utilities" -O0 -fno-common -g3 -gdwarf-4 -Wall -c -ffunction-sections -fdata-sections -fno-builtin -fmerge-constants -fmacro-prefix-map="../drivers/"= -mcpu=cortex-m0plus -mthumb -D__REDLIB__ -fstack-usage -specs=redlib.specs -MMD -MP -MF"drivers/fsl_usart.d" -MT"drivers/fsl_usart.o" -MT"drivers/fsl_usart.d" -o "drivers/fsl_usart.o" "../drivers/fsl_usart.c"
Building file: ../device/system_LPC845.c
Invoking: MCU C Compiler
arm-none-eabi-gcc -DCPU_LPC845M301JBD64 -DCPU_LPC845M301JBD64_cm0plus -DSDK_OS_BAREMETAL -DSDK_DEBUGCONSOLE=1 -DCR_INTEGER_PRINTF -DPRINTF_FLOAT_ENABLE=0 -D__MCUXPRESSO -D__USE_CMSIS -DDEBUG -D__REDLIB__ -I"C:\Users\facum\Documents\curso lse\curso-lse 2\workspace_lpc845\LPC845_Project\board" -I"C:\Users\facum\Documents\curso lse\curso-lse 2\workspace_lpc845\LPC845_Project\source" -I"C:\Users\facum\Documents\curso lse\curso-lse 2\workspace_lpc845\LPC845_Project\component\uart" -I"C:\Users\facum\Documents\curso lse\curso-lse 2\workspace_lpc845\LPC845_Project\drivers" -I"C:\Users\facum\Documents\curso lse\curso-lse 2\workspace_lpc845\LPC845_Project\CMSIS" -I"C:\Users\facum\Documents\curso lse\curso-lse 2\workspace_lpc845\LPC845_Project\device" -I"C:\Users\facum\Documents\curso lse\curso-lse 2\workspace_lpc845\LPC845_Project\utilities" -O0 -fno-common -g3 -gdwarf-4 -Wall -c -ffunction-sections -fdata-sections -fno-builtin -fmerge-constants -fmacro-prefix-map="../device/"= -mcpu=cortex-m0plus -mthumb -D__REDLIB__ -fstack-usage -specs=redlib.specs -MMD -MP -MF"device/system_LPC845.d" -MT"device/system_LPC845.o" -MT"device/system_LPC845.d" -o "device/system_LPC845.o" "../device/system_LPC845.c"
Finished building: ../drivers/fsl_swm.c
Finished building: ../drivers/fsl_reset.c
 
 
Building file: ../component/uart/fsl_adapter_miniusart.c
Building file: ../board/board.c
Invoking: MCU C Compiler
Invoking: MCU C Compiler
arm-none-eabi-gcc -DCPU_LPC845M301JBD64 -DCPU_LPC845M301JBD64_cm0plus -DSDK_OS_BAREMETAL -DSDK_DEBUGCONSOLE=1 -DCR_INTEGER_PRINTF -DPRINTF_FLOAT_ENABLE=0 -D__MCUXPRESSO -D__USE_CMSIS -DDEBUG -D__REDLIB__ -I"C:\Users\facum\Documents\curso lse\curso-lse 2\workspace_lpc845\LPC845_Project\board" -I"C:\Users\facum\Documents\curso lse\curso-lse 2\workspace_lpc845\LPC845_Project\source" -I"C:\Users\facum\Documents\curso lse\curso-lse 2\workspace_lpc845\LPC845_Project\component\uart" -I"C:\Users\facum\Documents\curso lse\curso-lse 2\workspace_lpc845\LPC845_Project\drivers" -I"C:\Users\facum\Documents\curso lse\curso-lse 2\workspace_lpc845\LPC845_Project\CMSIS" -I"C:\Users\facum\Documents\curso lse\curso-lse 2\workspace_lpc845\LPC845_Project\device" -I"C:\Users\facum\Documents\curso lse\curso-lse 2\workspace_lpc845\LPC845_Project\utilities" -O0 -fno-common -g3 -gdwarf-4 -Wall -c -ffunction-sections -fdata-sections -fno-builtin -fmerge-constants -fmacro-prefix-map="../component/uart/"= -mcpu=cortex-m0plus -mthumb -D__REDLIB__ -fstack-usage -specs=redlib.specs -MMD -MP -MF"component/uart/fsl_adapter_miniusart.d" -MT"component/uart/fsl_adapter_miniusart.o" -MT"component/uart/fsl_adapter_miniusart.d" -o "component/uart/fsl_adapter_miniusart.o" "../component/uart/fsl_adapter_miniusart.c"
arm-none-eabi-gcc -DCPU_LPC845M301JBD64 -DCPU_LPC845M301JBD64_cm0plus -DSDK_OS_BAREMETAL -DSDK_DEBUGCONSOLE=1 -DCR_INTEGER_PRINTF -DPRINTF_FLOAT_ENABLE=0 -D__MCUXPRESSO -D__USE_CMSIS -DDEBUG -D__REDLIB__ -I"C:\Users\facum\Documents\curso lse\curso-lse 2\workspace_lpc845\LPC845_Project\board" -I"C:\Users\facum\Documents\curso lse\curso-lse 2\workspace_lpc845\LPC845_Project\source" -I"C:\Users\facum\Documents\curso lse\curso-lse 2\workspace_lpc845\LPC845_Project\component\uart" -I"C:\Users\facum\Documents\curso lse\curso-lse 2\workspace_lpc845\LPC845_Project\drivers" -I"C:\Users\facum\Documents\curso lse\curso-lse 2\workspace_lpc845\LPC845_Project\CMSIS" -I"C:\Users\facum\Documents\curso lse\curso-lse 2\workspace_lpc845\LPC845_Project\device" -I"C:\Users\facum\Documents\curso lse\curso-lse 2\workspace_lpc845\LPC845_Project\utilities" -O0 -fno-common -g3 -gdwarf-4 -Wall -c -ffunction-sections -fdata-sections -fno-builtin -fmerge-constants -fmacro-prefix-map="../board/"= -mcpu=cortex-m0plus -mthumb -D__REDLIB__ -fstack-usage -specs=redlib.specs -MMD -MP -MF"board/board.d" -MT"board/board.o" -MT"board/board.d" -o "board/board.o" "../board/board.c"
../board/board.c:19:2: warning: #warning "BOARD_FLASH_SIZE not set; using 0 as default value" [-Wcpp]
   19 | #warning "BOARD_FLASH_SIZE not set; using 0 as default value"
      |  ^~~~~~~
Finished building: ../drivers/fsl_usart.c
Finished building: ../device/system_LPC845.c
Finished building: ../board/board.c
 
 
 
Building file: ../board/clock_config.c
Building file: ../board/peripherals.c
Invoking: MCU C Compiler
arm-none-eabi-gcc -DCPU_LPC845M301JBD64 -DCPU_LPC845M301JBD64_cm0plus -DSDK_OS_BAREMETAL -DSDK_DEBUGCONSOLE=1 -DCR_INTEGER_PRINTF -DPRINTF_FLOAT_ENABLE=0 -D__MCUXPRESSO -D__USE_CMSIS -DDEBUG -D__REDLIB__ -I"C:\Users\facum\Documents\curso lse\curso-lse 2\workspace_lpc845\LPC845_Project\board" -I"C:\Users\facum\Documents\curso lse\curso-lse 2\workspace_lpc845\LPC845_Project\source" -I"C:\Users\facum\Documents\curso lse\curso-lse 2\workspace_lpc845\LPC845_Project\component\uart" -I"C:\Users\facum\Documents\curso lse\curso-lse 2\workspace_lpc845\LPC845_Project\drivers" -I"C:\Users\facum\Documents\curso lse\curso-lse 2\workspace_lpc845\LPC845_Project\CMSIS" -I"C:\Users\facum\Documents\curso lse\curso-lse 2\workspace_lpc845\LPC845_Project\device" -I"C:\Users\facum\Documents\curso lse\curso-lse 2\workspace_lpc845\LPC845_Project\utilities" -O0 -fno-common -g3 -gdwarf-4 -Wall -c -ffunction-sections -fdata-sections -fno-builtin -fmerge-constants -fmacro-prefix-map="../board/"= -mcpu=cortex-m0plus -mthumb -D__REDLIB__ -fstack-usage -specs=redlib.specs -MMD -MP -MF"board/clock_config.d" -MT"board/clock_config.o" -MT"board/clock_config.d" -o "board/clock_config.o" "../board/clock_config.c"
Building file: ../board/pin_mux.c
Invoking: MCU C Compiler
arm-none-eabi-gcc -DCPU_LPC845M301JBD64 -DCPU_LPC845M301JBD64_cm0plus -DSDK_OS_BAREMETAL -DSDK_DEBUGCONSOLE=1 -DCR_INTEGER_PRINTF -DPRINTF_FLOAT_ENABLE=0 -D__MCUXPRESSO -D__USE_CMSIS -DDEBUG -D__REDLIB__ -I"C:\Users\facum\Documents\curso lse\curso-lse 2\workspace_lpc845\LPC845_Project\board" -I"C:\Users\facum\Documents\curso lse\curso-lse 2\workspace_lpc845\LPC845_Project\source" -I"C:\Users\facum\Documents\curso lse\curso-lse 2\workspace_lpc845\LPC845_Project\component\uart" -I"C:\Users\facum\Documents\curso lse\curso-lse 2\workspace_lpc845\LPC845_Project\drivers" -I"C:\Users\facum\Documents\curso lse\curso-lse 2\workspace_lpc845\LPC845_Project\CMSIS" -I"C:\Users\facum\Documents\curso lse\curso-lse 2\workspace_lpc845\LPC845_Project\device" -I"C:\Users\facum\Documents\curso lse\curso-lse 2\workspace_lpc845\LPC845_Project\utilities" -O0 -fno-common -g3 -gdwarf-4 -Wall -c -ffunction-sections -fdata-sections -fno-builtin -fmerge-constants -fmacro-prefix-map="../board/"= -mcpu=cortex-m0plus -mthumb -D__REDLIB__ -fstack-usage -specs=redlib.specs -MMD -MP -MF"board/peripherals.d" -MT"board/peripherals.o" -MT"board/peripherals.d" -o "board/peripherals.o" "../board/peripherals.c"
Invoking: MCU C Compiler
arm-none-eabi-gcc -DCPU_LPC845M301JBD64 -DCPU_LPC845M301JBD64_cm0plus -DSDK_OS_BAREMETAL -DSDK_DEBUGCONSOLE=1 -DCR_INTEGER_PRINTF -DPRINTF_FLOAT_ENABLE=0 -D__MCUXPRESSO -D__USE_CMSIS -DDEBUG -D__REDLIB__ -I"C:\Users\facum\Documents\curso lse\curso-lse 2\workspace_lpc845\LPC845_Project\board" -I"C:\Users\facum\Documents\curso lse\curso-lse 2\workspace_lpc845\LPC845_Project\source" -I"C:\Users\facum\Documents\curso lse\curso-lse 2\workspace_lpc845\LPC845_Project\component\uart" -I"C:\Users\facum\Documents\curso lse\curso-lse 2\workspace_lpc845\LPC845_Project\drivers" -I"C:\Users\facum\Documents\curso lse\curso-lse 2\workspace_lpc845\LPC845_Project\CMSIS" -I"C:\Users\facum\Documents\curso lse\curso-lse 2\workspace_lpc845\LPC845_Project\device" -I"C:\Users\facum\Documents\curso lse\curso-lse 2\workspace_lpc845\LPC845_Project\utilities" -O0 -fno-common -g3 -gdwarf-4 -Wall -c -ffunction-sections -fdata-sections -fno-builtin -fmerge-constants -fmacro-prefix-map="../board/"= -mcpu=cortex-m0plus -mthumb -D__REDLIB__ -fstack-usage -specs=redlib.specs -MMD -MP -MF"board/pin_mux.d" -MT"board/pin_mux.o" -MT"board/pin_mux.d" -o "board/pin_mux.o" "../board/pin_mux.c"
Finished building: ../component/uart/fsl_adapter_miniusart.c
 
Finished building: ../board/peripherals.c
 
Finished building: ../board/clock_config.c
 
Finished building: ../board/pin_mux.c
 
Building target: LPC845_Project.axf
Invoking: MCU Linker
arm-none-eabi-gcc -nostdlib -Xlinker -Map="LPC845_Project.map" -Xlinker --gc-sections -Xlinker -print-memory-usage -Xlinker --sort-section=alignment -Xlinker --cref -mcpu=cortex-m0plus -mthumb -T LPC845_Project_Debug.ld -o "LPC845_Project.axf" ./utilities/fsl_assert.o ./utilities/fsl_debug_console.o ./utilities/fsl_str.o  ./startup/startup_lpc845.o  ./source/LPC845_Project.o ./source/mtb.o ./source/semihost_hardfault.o  ./drivers/fsl_clock.o ./drivers/fsl_common.o ./drivers/fsl_common_arm.o ./drivers/fsl_gpio.o ./drivers/fsl_power.o ./drivers/fsl_reset.o ./drivers/fsl_swm.o ./drivers/fsl_usart.o  ./device/system_LPC845.o  ./component/uart/fsl_adapter_miniusart.o  ./board/board.o ./board/clock_config.o ./board/peripherals.o ./board/pin_mux.o   
Memory region         Used Size  Region Size  %age Used
   PROGRAM_FLASH:        6332 B        64 KB      9.66%
            SRAM:        2404 B      16352 B     14.70%
        IAP_SRAM:          0 GB         32 B      0.00%
Finished building target: LPC845_Project.axf
 
Performing post-build steps
arm-none-eabi-size "LPC845_Project.axf"; # arm-none-eabi-objcopy -v -O binary "LPC845_Project.axf" "LPC845_Project.bin" ; # checksum -p LPC845 -d "LPC845_Project.bin";
   text	   data	    bss	    dec	    hex	filename
   6328	      4	   2400	   8732	   221c	LPC845_Project.axf
 
08:51:40 **** Incremental Build of configuration Debug for project 03_light_control ****
make -r -j4 all 
make[1]: Nothing to be done for 'main-build'.
Performing post-build steps
arm-none-eabi-size "03_light_control.axf"; # arm-none-eabi-objcopy -v -O binary "03_light_control.axf" "03_light_control.bin" ; # checksum -p LPC845 -d "03_light_control.bin";
   text	   data	    bss	    dec	    hex	filename
  15916	      4	   2480	  18400	   47e0	03_light_control.axf
 
